Using pre-set license
Built from '6000.0/release' branch; Version is '6000.0.29f1 (9fafe5c9db65) revision 10465253'; Using compiler version '193933523'; Build Type 'Release'
OS: 'Windows 11  (10.0.26100) 64bit CoreSingleLanguage' Language: 'en' Physical Memory: 16163 MB
BatchMode: 1, IsHumanControllingUs: 0, StartBugReporterOnCrash: 0, Is64bit: 1, IsPro: 1

COMMAND LINE ARGUMENTS:
D:\Project\Unity\6000.0.29f1\Editor\Unity.exe
-adb2
-batchMode
-noUpm
-name
AssetImportWorker0
-projectPath
D:/Project/Unity/Kingdom/Village-Hunters
-logFile
Logs/AssetImportWorker0.log
-srvPort
64706
-job-worker-count
5
-background-job-worker-count
8
-asset-garbage-collectors
1
Successfully changed project path to: D:/Project/Unity/Kingdom/Village-Hunters
D:/Project/Unity/Kingdom/Village-Hunters
[UnityMemory] Configuration Parameters - Can be set up in boot.config
    "memorysetup-bucket-allocator-granularity=16"
    "memorysetup-bucket-allocator-bucket-count=8"
    "memorysetup-bucket-allocator-block-size=33554432"
    "memorysetup-bucket-allocator-block-count=8"
    "memorysetup-main-allocator-block-size=16777216"
    "memorysetup-thread-allocator-block-size=16777216"
    "memorysetup-gfx-main-allocator-block-size=16777216"
    "memorysetup-gfx-thread-allocator-block-size=16777216"
    "memorysetup-cache-allocator-block-size=4194304"
    "memorysetup-typetree-allocator-block-size=2097152"
    "memorysetup-profiler-bucket-allocator-granularity=16"
    "memorysetup-profiler-bucket-allocator-bucket-count=8"
    "memorysetup-profiler-bucket-allocator-block-size=33554432"
    "memorysetup-profiler-bucket-allocator-block-count=8"
    "memorysetup-profiler-allocator-block-size=16777216"
    "memorysetup-profiler-editor-allocator-block-size=1048576"
    "memorysetup-temp-allocator-size-main=16777216"
    "memorysetup-job-temp-allocator-block-size=2097152"
    "memorysetup-job-temp-allocator-block-size-background=1048576"
    "memorysetup-job-temp-allocator-reduction-small-platforms=262144"
    "memorysetup-allocator-temp-initial-block-size-main=262144"
    "memorysetup-allocator-temp-initial-block-size-worker=262144"
    "memorysetup-temp-allocator-size-background-worker=32768"
    "memorysetup-temp-allocator-size-job-worker=262144"
    "memorysetup-temp-allocator-size-preload-manager=33554432"
    "memorysetup-temp-allocator-size-nav-mesh-worker=65536"
    "memorysetup-temp-allocator-size-audio-worker=65536"
    "memorysetup-temp-allocator-size-cloud-worker=32768"
    "memorysetup-temp-allocator-size-gi-baking-worker=262144"
    "memorysetup-temp-allocator-size-gi-baking-worker=262144"
    "memorysetup-temp-allocator-size-gi-baking-worker=262144"
    "memorysetup-temp-allocator-size-gi-baking-worker=262144"
    "memorysetup-temp-allocator-size-gi-baking-worker=262144"
    "memorysetup-temp-allocator-size-gfx=262144"
Player connection [21824]  Target information:

Player connection [21824]  * "[IP] 192.168.1.5 [Port] 0 [Flags] 2 [Guid] 425999670 [EditorId] 425999670 [Version] 1048832 [Id] WindowsEditor(7,LAPTOP-QSESO04I) [Debug] 1 [PackageName] WindowsEditor [ProjectName] Editor" 

Player connection [21824] Host joined multi-casting on [225.0.0.222:54997]...
Player connection [21824] Host joined alternative multi-casting on [225.0.0.222:34997]...
JobSystem: Creating JobQueue using job-worker-count value 5
[Physics::Module] Initialized fallback backend.
[Physics::Module] Id: 0xdecafbad
Library Redirect Path: Library/
[Physics::Module] Selected backend.
[Physics::Module] Name: PhysX
[Physics::Module] Id: 0xf2b8ea05
[Physics::Module] SDK Version: 4.1.2
[Physics::Module] Integration Version: 1.0.0
[Physics::Module] Threading Mode: Multi-Threaded
Refreshing native plugins compatible for Editor in 1.81 ms, found 4 plugins.
Preloading 0 native plugins for Editor in 0.00 ms.
Initialize engine version: 6000.0.29f1 (9fafe5c9db65)
[Subsystems] Discovering subsystems at path D:/Project/Unity/6000.0.29f1/Editor/Data/Resources/UnitySubsystems
[Subsystems] Discovering subsystems at path D:/Project/Unity/Kingdom/Village-Hunters/Assets
GfxDevice: creating device client; kGfxThreadingModeNonThreaded
Direct3D:
    Version:  Direct3D 11.0 [level 11.1]
    Renderer: NVIDIA GeForce RTX 3050 Laptop GPU (ID=0x25a5)
    Vendor:   NVIDIA
    VRAM:     3964 MB
    Driver:   32.0.15.7216
Initialize mono
Mono path[0] = 'D:/Project/Unity/6000.0.29f1/Editor/Data/Managed'
Mono path[1] = 'D:/Project/Unity/6000.0.29f1/Editor/Data/MonoBleedingEdge/lib/mono/unityjit-win32'
Mono config path = 'D:/Project/Unity/6000.0.29f1/Editor/Data/MonoBleedingEdge/etc'
Using monoOptions --debugger-agent=transport=dt_socket,embedding=1,server=y,suspend=n,address=127.0.0.1:56968
Begin MonoManager ReloadAssembly
Registering precompiled unity dll's ...
Register platform support module: D:/Project/Unity/6000.0.29f1/Editor/Data/PlaybackEngines/WebGLSupport/UnityEditor.WebGL.Extensions.dll
Register platform support module: D:/Project/Unity/6000.0.29f1/Editor/Data/PlaybackEngines/WindowsStandaloneSupport/UnityEditor.WindowsStandalone.Extensions.dll
Register platform support module: D:/Project/Unity/6000.0.29f1/Editor/Data/PlaybackEngines/iOSSupport/UnityEditor.iOS.Extensions.dll
Registered in 0.003022 seconds.
- Loaded All Assemblies, in  0.409 seconds
[usbmuxd] Start listen thread
[usbmuxd] Listen thread started
Native extension for iOS target not found
Native extension for WindowsStandalone target not found
Native extension for WebGL target not found
Mono: successfully reloaded assembly
- Finished resetting the current domain, in  0.409 seconds
Domain Reload Profiling: 818ms
	BeginReloadAssembly (130ms)
		ExecutionOrderSort (0ms)
		DisableScriptedObjects (0ms)
		BackupInstance (0ms)
		ReleaseScriptingObjects (0ms)
		CreateAndSetChildDomain (1ms)
	RebuildCommonClasses (38ms)
	RebuildNativeTypeToScriptingClass (12ms)
	initialDomainReloadingComplete (47ms)
	LoadAllAssembliesAndSetupDomain (180ms)
		LoadAssemblies (130ms)
		RebuildTransferFunctionScriptingTraits (0ms)
		AnalyzeDomain (176ms)
			TypeCache.Refresh (174ms)
				TypeCache.ScanAssembly (157ms)
			BuildScriptInfoCaches (0ms)
			ResolveRequiredComponents (0ms)
	FinalizeReload (410ms)
		ReleaseScriptCaches (0ms)
		RebuildScriptCaches (0ms)
		SetupLoadedEditorAssemblies (366ms)
			LogAssemblyErrors (0ms)
			InitializePlatformSupportModulesInManaged (69ms)
			SetLoadedEditorAssemblies (4ms)
			BeforeProcessingInitializeOnLoad (7ms)
			ProcessInitializeOnLoadAttributes (202ms)
			ProcessInitializeOnLoadMethodAttributes (81ms)
			AfterProcessingInitializeOnLoad (2ms)
			EditorAssembliesLoaded (0ms)
		ExecutionOrderSort2 (0ms)
		AwakeInstancesAfterBackupRestoration (0ms)
========================================================================
Worker process is ready to serve import requests
Import Worker Mode flag is 0x00
Begin MonoManager ReloadAssembly
- Loaded All Assemblies, in  0.840 seconds
Refreshing native plugins compatible for Editor in 1.01 ms, found 4 plugins.
Native extension for iOS target not found
Native extension for WindowsStandalone target not found
Native extension for WebGL target not found
The project currently uses the compatibility mode where the Render Graph API is disabled. Support for this mode will be removed in future Unity versions. Migrate existing ScriptableRenderPasses to the new RenderGraph API. After the migration, disable the compatibility mode in Edit > Projects Settings > Graphics > Render Graph.
UnityEngine.Debug:ExtractStackTraceNoAlloc (byte*,int,string)
UnityEngine.StackTraceUtility:ExtractStackTrace ()
UnityEngine.DebugLogHandler:Internal_Log (UnityEngine.LogType,UnityEngine.LogOption,string,UnityEngine.Object)
UnityEngine.DebugLogHandler:LogFormat (UnityEngine.LogType,UnityEngine.Object,string,object[])
UnityEngine.Logger:Log (UnityEngine.LogType,object)
UnityEngine.Debug:LogWarning (object)
UnityEngine.Rendering.Universal.WarnUsingNonRenderGraph:EmitConsoleWarning () (at ./Library/PackageCache/com.unity.render-pipelines.universal/Runtime/Data/UniversalRenderPipelineAsset.cs:427)
System.Reflection.RuntimeMethodInfo:Invoke (object,System.Reflection.BindingFlags,System.Reflection.Binder,object[],System.Globalization.CultureInfo)
System.Reflection.MethodBase:Invoke (object,object[])
UnityEditor.EditorAssemblies:ProcessInitializeOnLoadMethodAttributes ()

(Filename: ./Library/PackageCache/com.unity.render-pipelines.universal/Runtime/Data/UniversalRenderPipelineAsset.cs Line: 427)

Mono: successfully reloaded assembly
- Finished resetting the current domain, in  0.993 seconds
Domain Reload Profiling: 1833ms
	BeginReloadAssembly (177ms)
		ExecutionOrderSort (0ms)
		DisableScriptedObjects (6ms)
		BackupInstance (0ms)
		ReleaseScriptingObjects (0ms)
		CreateAndSetChildDomain (35ms)
	RebuildCommonClasses (46ms)
	RebuildNativeTypeToScriptingClass (15ms)
	initialDomainReloadingComplete (42ms)
	LoadAllAssembliesAndSetupDomain (560ms)
		LoadAssemblies (370ms)
		RebuildTransferFunctionScriptingTraits (0ms)
		AnalyzeDomain (294ms)
			TypeCache.Refresh (200ms)
				TypeCache.ScanAssembly (182ms)
			BuildScriptInfoCaches (77ms)
			ResolveRequiredComponents (13ms)
	FinalizeReload (994ms)
		ReleaseScriptCaches (0ms)
		RebuildScriptCaches (0ms)
		SetupLoadedEditorAssemblies (830ms)
			LogAssemblyErrors (0ms)
			InitializePlatformSupportModulesInManaged (12ms)
			SetLoadedEditorAssemblies (3ms)
			BeforeProcessingInitializeOnLoad (66ms)
			ProcessInitializeOnLoadAttributes (622ms)
			ProcessInitializeOnLoadMethodAttributes (120ms)
			AfterProcessingInitializeOnLoad (6ms)
			EditorAssembliesLoaded (0ms)
		ExecutionOrderSort2 (0ms)
		AwakeInstancesAfterBackupRestoration (6ms)
Launched and connected shader compiler UnityShaderCompiler.exe after 0.02 seconds
Refreshing native plugins compatible for Editor in 2.66 ms, found 4 plugins.
Preloading 0 native plugins for Editor in 0.00 ms.
Unloading 204 Unused Serialized files (Serialized files now loaded: 0)
Unloading 6251 unused Assets / (4.1 MB). Loaded Objects now: 6928.
Memory consumption went from 171.5 MB to 167.4 MB.
Total: 19.504000 ms (FindLiveObjects: 1.442700 ms CreateObjectMapping: 1.554500 ms MarkObjects: 10.870000 ms  DeleteObjects: 5.633700 ms)

========================================================================
Received Import Request.
  Time since last request: 427362.229215 seconds.
  path: Assets/03.Graphics/Isometric Environment/Isometric Environment/Item/Wood item.png
  artifactKey: Guid(6d21608982818ed4f8dc7c97cb68ebc0) Importer(815301076,1909f56bfc062723c751e8b465ee728b)
Start importing Assets/03.Graphics/Isometric Environment/Isometric Environment/Item/Wood item.png using Guid(6d21608982818ed4f8dc7c97cb68ebc0) Importer(815301076,1909f56bfc062723c751e8b465ee728b) (PreviewImporter) -> (artifact id: 'bd3b9d6b38a6c59492ac8ab365ac93ce') in 0.2264739 seconds
Number of updated asset objects reloaded before import = 0Number of asset objects unloaded after import = 3

========================================================================
Received Import Request.
  Time since last request: 395.737311 seconds.
  path: Assets/03.Graphics/Isometric Environment/Isometric Environment/Tiles/TileRule
  artifactKey: Guid(91b5f3f77e9817e43a0fd69d3debf91f) Importer(815301076,1909f56bfc062723c751e8b465ee728b)
Start importing Assets/03.Graphics/Isometric Environment/Isometric Environment/Tiles/TileRule using Guid(91b5f3f77e9817e43a0fd69d3debf91f) Importer(815301076,1909f56bfc062723c751e8b465ee728b) (PreviewImporter) -> (artifact id: '105715497471c43bf2394cde3a480fe6') in 0.0009693 seconds
Number of updated asset objects reloaded before import = 0Number of asset objects unloaded after import = 0

========================================================================
Received Import Request.
  Time since last request: 20.467708 seconds.
  path: Assets/03.Graphics/Isometric Environment/Isometric Environment/Tiles/TileRule/RuleTileForGrass.asset
  artifactKey: Guid(a1831ac0c4993564693b8c81fab64d7e) Importer(815301076,1909f56bfc062723c751e8b465ee728b)
Start importing Assets/03.Graphics/Isometric Environment/Isometric Environment/Tiles/TileRule/RuleTileForGrass.asset using Guid(a1831ac0c4993564693b8c81fab64d7e) Importer(815301076,1909f56bfc062723c751e8b465ee728b) (PreviewImporter) -> (artifact id: 'eacba279896f76136745862947fc9de7') in 0.0085393 seconds
Number of updated asset objects reloaded before import = 0Number of asset objects unloaded after import = 1

========================================================================
Received Import Request.
  Time since last request: 498.538756 seconds.
  path: Assets/03.Graphics/Isometric Environment/Isometric Environment/Tiles/TilePalette/Tile Palette.prefab
  artifactKey: Guid(8ffd05a3dfa91764a9bfa41b8d2c9852) Importer(815301076,1909f56bfc062723c751e8b465ee728b)
Start importing Assets/03.Graphics/Isometric Environment/Isometric Environment/Tiles/TilePalette/Tile Palette.prefab using Guid(8ffd05a3dfa91764a9bfa41b8d2c9852) Importer(815301076,1909f56bfc062723c751e8b465ee728b) (PreviewImporter) -> (artifact id: 'e34b48b27a283d2e93a239af0e016097') in 0.3287649 seconds
Number of updated asset objects reloaded before import = 0Number of asset objects unloaded after import = 36

========================================================================
Received Import Request.
  Time since last request: 340.778632 seconds.
  path: Assets/03.Graphics/Isometric Environment/Isometric Environment
  artifactKey: Guid(34ac22dd0fa3d124fb98261f6911eafa) Importer(815301076,1909f56bfc062723c751e8b465ee728b)
Start importing Assets/03.Graphics/Isometric Environment/Isometric Environment using Guid(34ac22dd0fa3d124fb98261f6911eafa) Importer(815301076,1909f56bfc062723c751e8b465ee728b) (PreviewImporter) -> (artifact id: '4cebf9f851c4798064dfed6fcdd3e5cf') in 0.0012168 seconds
Number of updated asset objects reloaded before import = 0Number of asset objects unloaded after import = 0

========================================================================
Received Import Request.
  Time since last request: 0.681807 seconds.
  path: Assets/03.Graphics/Isometric Environment/Isometric Environment/Stones
  artifactKey: Guid(59a09b438ee124840880d721bfa4372d) Importer(815301076,1909f56bfc062723c751e8b465ee728b)
Start importing Assets/03.Graphics/Isometric Environment/Isometric Environment/Stones using Guid(59a09b438ee124840880d721bfa4372d) Importer(815301076,1909f56bfc062723c751e8b465ee728b) (PreviewImporter) -> (artifact id: 'adc4949820905c6547c995c52e22e875') in 0.000676 seconds
Number of updated asset objects reloaded before import = 0Number of asset objects unloaded after import = 0

========================================================================
Received Import Request.
  Time since last request: 0.427349 seconds.
  path: Assets/03.Graphics/Isometric Environment/Isometric Environment/Bushes
  artifactKey: Guid(c80afb3bb8cb18443a7d9d908d7beeed) Importer(815301076,1909f56bfc062723c751e8b465ee728b)
Start importing Assets/03.Graphics/Isometric Environment/Isometric Environment/Bushes using Guid(c80afb3bb8cb18443a7d9d908d7beeed) Importer(815301076,1909f56bfc062723c751e8b465ee728b) (PreviewImporter) -> (artifact id: '3dae46581950809029e16b374918058e') in 0.0006539 seconds
Number of updated asset objects reloaded before import = 0Number of asset objects unloaded after import = 0

========================================================================
Received Import Request.
  Time since last request: 0.832593 seconds.
  path: Assets/03.Graphics/Isometric Environment/Isometric Environment/Bushes/Variant
  artifactKey: Guid(20dbd2d1ee1e1c64da04ab9e2541fb1e) Importer(815301076,1909f56bfc062723c751e8b465ee728b)
Start importing Assets/03.Graphics/Isometric Environment/Isometric Environment/Bushes/Variant using Guid(20dbd2d1ee1e1c64da04ab9e2541fb1e) Importer(815301076,1909f56bfc062723c751e8b465ee728b) (PreviewImporter) -> (artifact id: '982b30a5efcd043549c28505aa89e30c') in 0.0006802 seconds
Number of updated asset objects reloaded before import = 0Number of asset objects unloaded after import = 0

========================================================================
Received Import Request.
  Time since last request: 0.085396 seconds.
  path: Assets/03.Graphics/Isometric Environment/Isometric Environment/Bushes/Variant/Variant - Bush 0.png
  artifactKey: Guid(c1a788e56f07e8b4685e18a3b84cbda7) Importer(815301076,1909f56bfc062723c751e8b465ee728b)
Start importing Assets/03.Graphics/Isometric Environment/Isometric Environment/Bushes/Variant/Variant - Bush 0.png using Guid(c1a788e56f07e8b4685e18a3b84cbda7) Importer(815301076,1909f56bfc062723c751e8b465ee728b) (PreviewImporter) -> (artifact id: '46afc52238a0f88933700e9b8b080fe1') in 0.0185535 seconds
Number of updated asset objects reloaded before import = 0Number of asset objects unloaded after import = 3

========================================================================
Received Import Request.
  Time since last request: 0.000023 seconds.
  path: Assets/03.Graphics/Isometric Environment/Isometric Environment/Bushes/Variant/Variant Bush 3.png
  artifactKey: Guid(63e121bbf267b6447ac0aeb127a6ead5) Importer(815301076,1909f56bfc062723c751e8b465ee728b)
Start importing Assets/03.Graphics/Isometric Environment/Isometric Environment/Bushes/Variant/Variant Bush 3.png using Guid(63e121bbf267b6447ac0aeb127a6ead5) Importer(815301076,1909f56bfc062723c751e8b465ee728b) (PreviewImporter) -> (artifact id: '57a8a8e513c1e741ad41b2621981fab7') in 0.0198576 seconds
Number of updated asset objects reloaded before import = 0Number of asset objects unloaded after import = 3

========================================================================
Received Import Request.
  Time since last request: 25.075084 seconds.
  path: Assets/03.Graphics/isometric-map/isometric tiles
  artifactKey: Guid(f68334de7729522468e42850a60e35db) Importer(815301076,1909f56bfc062723c751e8b465ee728b)
Start importing Assets/03.Graphics/isometric-map/isometric tiles using Guid(f68334de7729522468e42850a60e35db) Importer(815301076,1909f56bfc062723c751e8b465ee728b) (PreviewImporter) -> (artifact id: '8c688eebf17282302b6f16fc60f5a431') in 0.0011815 seconds
Number of updated asset objects reloaded before import = 0Number of asset objects unloaded after import = 0

========================================================================
Received Import Request.
  Time since last request: 110.778476 seconds.
  path: Assets/03.Graphics/Isometric Water
  artifactKey: Guid(98ac767b83ad25043aef96e8676a408e) Importer(815301076,1909f56bfc062723c751e8b465ee728b)
Start importing Assets/03.Graphics/Isometric Water using Guid(98ac767b83ad25043aef96e8676a408e) Importer(815301076,1909f56bfc062723c751e8b465ee728b) (PreviewImporter) -> (artifact id: '33ab8b17fc2222e1874106f1163cf14a') in 0.0007783 seconds
Number of updated asset objects reloaded before import = 0Number of asset objects unloaded after import = 0

========================================================================
Received Import Request.
  Time since last request: 0.094955 seconds.
  path: Assets/03.Graphics/Isometric Water/Example.gif
  artifactKey: Guid(93926a79c51598f478a8d92bd667f493) Importer(815301076,1909f56bfc062723c751e8b465ee728b)
Start importing Assets/03.Graphics/Isometric Water/Example.gif using Guid(93926a79c51598f478a8d92bd667f493) Importer(815301076,1909f56bfc062723c751e8b465ee728b) (PreviewImporter) -> (artifact id: '8ecc54e46165846a29685d9cf83310f8') in 0.0380026 seconds
Number of updated asset objects reloaded before import = 0Number of asset objects unloaded after import = 4

========================================================================
Received Import Request.
  Time since last request: 0.000037 seconds.
  path: Assets/03.Graphics/Isometric Water/Full animation gif .aseprite
  artifactKey: Guid(f50c5f4e63aebfd41b9756010ee6b7ca) Importer(815301076,1909f56bfc062723c751e8b465ee728b)
Start importing Assets/03.Graphics/Isometric Water/Full animation gif .aseprite using Guid(f50c5f4e63aebfd41b9756010ee6b7ca) Importer(815301076,1909f56bfc062723c751e8b465ee728b) (PreviewImporter) -> (artifact id: '04df3bec32273a7718b0feee687d901d') in 0.178303 seconds
Number of updated asset objects reloaded before import = 0Number of asset objects unloaded after import = 43

========================================================================
Received Import Request.
  Time since last request: 0.000082 seconds.
  path: Assets/03.Graphics/Isometric Water/Water External Middle.aseprite
  artifactKey: Guid(9f6a06ec8001aa7409fde1c5d2aa740b) Importer(815301076,1909f56bfc062723c751e8b465ee728b)
Start importing Assets/03.Graphics/Isometric Water/Water External Middle.aseprite using Guid(9f6a06ec8001aa7409fde1c5d2aa740b) Importer(815301076,1909f56bfc062723c751e8b465ee728b) (PreviewImporter) -> (artifact id: '4290efe35628dd515ed9f42d953d91e5') in 0.0379734 seconds
Number of updated asset objects reloaded before import = 0Number of asset objects unloaded after import = 19

========================================================================
Received Import Request.
  Time since last request: 0.000034 seconds.
  path: Assets/03.Graphics/Isometric Water/Water Internal Middle.aseprite
  artifactKey: Guid(16efc98248e072e4ab5ca5f4853bfd14) Importer(815301076,1909f56bfc062723c751e8b465ee728b)
Start importing Assets/03.Graphics/Isometric Water/Water Internal Middle.aseprite using Guid(16efc98248e072e4ab5ca5f4853bfd14) Importer(815301076,1909f56bfc062723c751e8b465ee728b) (PreviewImporter) -> (artifact id: '881bae370d57e73238a2cec832fa8bba') in 0.0393998 seconds
Number of updated asset objects reloaded before import = 0Number of asset objects unloaded after import = 19

========================================================================
Received Import Request.
  Time since last request: 0.000031 seconds.
  path: Assets/03.Graphics/Isometric Water/Water B - Sheet.png
  artifactKey: Guid(af6b140da3ac61048b2dc6f849715fe7) Importer(815301076,1909f56bfc062723c751e8b465ee728b)
Start importing Assets/03.Graphics/Isometric Water/Water B - Sheet.png using Guid(af6b140da3ac61048b2dc6f849715fe7) Importer(815301076,1909f56bfc062723c751e8b465ee728b) (PreviewImporter) -> (artifact id: '56b4db00b02a566de6d5f67f8821c23f') in 0.0222258 seconds
Number of updated asset objects reloaded before import = 0Number of asset objects unloaded after import = 3

========================================================================
Received Import Request.
  Time since last request: 0.000057 seconds.
  path: Assets/03.Graphics/Isometric Water/Water Internal Middle - Sheet.png
  artifactKey: Guid(b55f33529babf2e48b6c9c354037f051) Importer(815301076,1909f56bfc062723c751e8b465ee728b)
Start importing Assets/03.Graphics/Isometric Water/Water Internal Middle - Sheet.png using Guid(b55f33529babf2e48b6c9c354037f051) Importer(815301076,1909f56bfc062723c751e8b465ee728b) (PreviewImporter) -> (artifact id: '9002ef02e7e876bebd0a9cab0399f883') in 0.0197739 seconds
Number of updated asset objects reloaded before import = 0Number of asset objects unloaded after import = 3

========================================================================
Received Import Request.
  Time since last request: 0.000030 seconds.
  path: Assets/03.Graphics/Isometric Water/Water B.aseprite
  artifactKey: Guid(bba83547828301a418afc42024f2a807) Importer(815301076,1909f56bfc062723c751e8b465ee728b)
Start importing Assets/03.Graphics/Isometric Water/Water B.aseprite using Guid(bba83547828301a418afc42024f2a807) Importer(815301076,1909f56bfc062723c751e8b465ee728b) (PreviewImporter) -> (artifact id: '41566982155069a30f136fb082f38f00') in 0.0449222 seconds
Number of updated asset objects reloaded before import = 0Number of asset objects unloaded after import = 19

========================================================================
Received Import Request.
  Time since last request: 0.000053 seconds.
  path: Assets/03.Graphics/Isometric Water/Water A - Sheet.png
  artifactKey: Guid(43249e93d2d6a8743b0a436666c79379) Importer(815301076,1909f56bfc062723c751e8b465ee728b)
Start importing Assets/03.Graphics/Isometric Water/Water A - Sheet.png using Guid(43249e93d2d6a8743b0a436666c79379) Importer(815301076,1909f56bfc062723c751e8b465ee728b) (PreviewImporter) -> (artifact id: 'aae233716b7005df129a2d46edf73233') in 0.0187196 seconds
Number of updated asset objects reloaded before import = 0Number of asset objects unloaded after import = 3

========================================================================
Received Import Request.
  Time since last request: 0.000030 seconds.
  path: Assets/03.Graphics/Isometric Water/Water External Middle -  Sheet.png
  artifactKey: Guid(9638fa0b34a68a740b9f69736caa60ae) Importer(815301076,1909f56bfc062723c751e8b465ee728b)
Start importing Assets/03.Graphics/Isometric Water/Water External Middle -  Sheet.png using Guid(9638fa0b34a68a740b9f69736caa60ae) Importer(815301076,1909f56bfc062723c751e8b465ee728b) (PreviewImporter) -> (artifact id: 'ac340fd6f056b96ff57027c733f2655e') in 0.0182908 seconds
Number of updated asset objects reloaded before import = 0Number of asset objects unloaded after import = 3

Editor requested this worker to shutdown with reason: Scaling down because of idle timeout
AssetImportWorkerClient::OnTransportError - code=2 error=End of file
AssetImportWorker is now disconnected from the server
Process exiting
Exiting without the bug reporter. Application will terminate with return code 0