Using pre-set license
Built from '6000.0/release' branch; Version is '6000.0.29f1 (9fafe5c9db65) revision 10465253'; Using compiler version '193933523'; Build Type 'Release'
OS: 'Windows 11  (10.0.26100) 64bit CoreSingleLanguage' Language: 'en' Physical Memory: 16163 MB
BatchMode: 1, IsHumanControllingUs: 0, StartBugReporterOnCrash: 0, Is64bit: 1, IsPro: 1

COMMAND LINE ARGUMENTS:
D:\Project\Unity\6000.0.29f1\Editor\Unity.exe
-adb2
-batchMode
-noUpm
-name
AssetImportWorker10
-projectPath
D:/Project/Unity/Kingdom/Village-Hunters
-logFile
Logs/AssetImportWorker10.log
-srvPort
64706
-job-worker-count
5
-background-job-worker-count
8
-asset-garbage-collectors
1
Successfully changed project path to: D:/Project/Unity/Kingdom/Village-Hunters
D:/Project/Unity/Kingdom/Village-Hunters
[UnityMemory] Configuration Parameters - Can be set up in boot.config
    "memorysetup-bucket-allocator-granularity=16"
    "memorysetup-bucket-allocator-bucket-count=8"
    "memorysetup-bucket-allocator-block-size=33554432"
    "memorysetup-bucket-allocator-block-count=8"
    "memorysetup-main-allocator-block-size=16777216"
    "memorysetup-thread-allocator-block-size=16777216"
    "memorysetup-gfx-main-allocator-block-size=16777216"
    "memorysetup-gfx-thread-allocator-block-size=16777216"
    "memorysetup-cache-allocator-block-size=4194304"
    "memorysetup-typetree-allocator-block-size=2097152"
    "memorysetup-profiler-bucket-allocator-granularity=16"
    "memorysetup-profiler-bucket-allocator-bucket-count=8"
    "memorysetup-profiler-bucket-allocator-block-size=33554432"
    "memorysetup-profiler-bucket-allocator-block-count=8"
    "memorysetup-profiler-allocator-block-size=16777216"
    "memorysetup-profiler-editor-allocator-block-size=1048576"
    "memorysetup-temp-allocator-size-main=16777216"
    "memorysetup-job-temp-allocator-block-size=2097152"
    "memorysetup-job-temp-allocator-block-size-background=1048576"
    "memorysetup-job-temp-allocator-reduction-small-platforms=262144"
    "memorysetup-allocator-temp-initial-block-size-main=262144"
    "memorysetup-allocator-temp-initial-block-size-worker=262144"
    "memorysetup-temp-allocator-size-background-worker=32768"
    "memorysetup-temp-allocator-size-job-worker=262144"
    "memorysetup-temp-allocator-size-preload-manager=33554432"
    "memorysetup-temp-allocator-size-nav-mesh-worker=65536"
    "memorysetup-temp-allocator-size-audio-worker=65536"
    "memorysetup-temp-allocator-size-cloud-worker=32768"
    "memorysetup-temp-allocator-size-gi-baking-worker=262144"
    "memorysetup-temp-allocator-size-gi-baking-worker=262144"
    "memorysetup-temp-allocator-size-gi-baking-worker=262144"
    "memorysetup-temp-allocator-size-gi-baking-worker=262144"
    "memorysetup-temp-allocator-size-gi-baking-worker=262144"
    "memorysetup-temp-allocator-size-gfx=262144"
Player connection [22516]  Target information:

Player connection [22516]  * "[IP] 192.168.1.5 [Port] 0 [Flags] 2 [Guid] 3488098499 [EditorId] 3488098499 [Version] 1048832 [Id] WindowsEditor(7,LAPTOP-QSESO04I) [Debug] 1 [PackageName] WindowsEditor [ProjectName] Editor" 

Player connection [22516] Host joined multi-casting on [225.0.0.222:54997]...
Player connection [22516] Host joined alternative multi-casting on [225.0.0.222:34997]...
JobSystem: Creating JobQueue using job-worker-count value 5
[Physics::Module] Initialized fallback backend.
[Physics::Module] Id: 0xdecafbad
Library Redirect Path: Library/
[Physics::Module] Selected backend.
[Physics::Module] Name: PhysX
[Physics::Module] Id: 0xf2b8ea05
[Physics::Module] SDK Version: 4.1.2
[Physics::Module] Integration Version: 1.0.0
[Physics::Module] Threading Mode: Multi-Threaded
Refreshing native plugins compatible for Editor in 1.72 ms, found 4 plugins.
Preloading 0 native plugins for Editor in 0.00 ms.
Initialize engine version: 6000.0.29f1 (9fafe5c9db65)
[Subsystems] Discovering subsystems at path D:/Project/Unity/6000.0.29f1/Editor/Data/Resources/UnitySubsystems
[Subsystems] Discovering subsystems at path D:/Project/Unity/Kingdom/Village-Hunters/Assets
GfxDevice: creating device client; kGfxThreadingModeNonThreaded
Direct3D:
    Version:  Direct3D 11.0 [level 11.1]
    Renderer: NVIDIA GeForce RTX 3050 Laptop GPU (ID=0x25a5)
    Vendor:   NVIDIA
    VRAM:     3964 MB
    Driver:   32.0.15.7216
Initialize mono
Mono path[0] = 'D:/Project/Unity/6000.0.29f1/Editor/Data/Managed'
Mono path[1] = 'D:/Project/Unity/6000.0.29f1/Editor/Data/MonoBleedingEdge/lib/mono/unityjit-win32'
Mono config path = 'D:/Project/Unity/6000.0.29f1/Editor/Data/MonoBleedingEdge/etc'
Using monoOptions --debugger-agent=transport=dt_socket,embedding=1,server=y,suspend=n,address=127.0.0.1:56656
Begin MonoManager ReloadAssembly
Registering precompiled unity dll's ...
Register platform support module: D:/Project/Unity/6000.0.29f1/Editor/Data/PlaybackEngines/WebGLSupport/UnityEditor.WebGL.Extensions.dll
Register platform support module: D:/Project/Unity/6000.0.29f1/Editor/Data/PlaybackEngines/WindowsStandaloneSupport/UnityEditor.WindowsStandalone.Extensions.dll
Register platform support module: D:/Project/Unity/6000.0.29f1/Editor/Data/PlaybackEngines/iOSSupport/UnityEditor.iOS.Extensions.dll
Registered in 0.002755 seconds.
- Loaded All Assemblies, in  0.367 seconds
[usbmuxd] Start listen thread
[usbmuxd] Listen thread started
Native extension for iOS target not found
Native extension for WindowsStandalone target not found
Native extension for WebGL target not found
Mono: successfully reloaded assembly
- Finished resetting the current domain, in  0.318 seconds
Domain Reload Profiling: 686ms
	BeginReloadAssembly (120ms)
		ExecutionOrderSort (0ms)
		DisableScriptedObjects (0ms)
		BackupInstance (0ms)
		ReleaseScriptingObjects (0ms)
		CreateAndSetChildDomain (1ms)
	RebuildCommonClasses (34ms)
	RebuildNativeTypeToScriptingClass (11ms)
	initialDomainReloadingComplete (44ms)
	LoadAllAssembliesAndSetupDomain (158ms)
		LoadAssemblies (120ms)
		RebuildTransferFunctionScriptingTraits (0ms)
		AnalyzeDomain (154ms)
			TypeCache.Refresh (152ms)
				TypeCache.ScanAssembly (138ms)
			BuildScriptInfoCaches (0ms)
			ResolveRequiredComponents (0ms)
	FinalizeReload (319ms)
		ReleaseScriptCaches (0ms)
		RebuildScriptCaches (0ms)
		SetupLoadedEditorAssemblies (274ms)
			LogAssemblyErrors (0ms)
			InitializePlatformSupportModulesInManaged (62ms)
			SetLoadedEditorAssemblies (4ms)
			BeforeProcessingInitializeOnLoad (5ms)
			ProcessInitializeOnLoadAttributes (141ms)
			ProcessInitializeOnLoadMethodAttributes (60ms)
			AfterProcessingInitializeOnLoad (2ms)
			EditorAssembliesLoaded (0ms)
		ExecutionOrderSort2 (0ms)
		AwakeInstancesAfterBackupRestoration (0ms)
========================================================================
Worker process is ready to serve import requests
Import Worker Mode flag is 0x00
Begin MonoManager ReloadAssembly
- Loaded All Assemblies, in  0.663 seconds
Refreshing native plugins compatible for Editor in 1.01 ms, found 4 plugins.
Native extension for iOS target not found
Native extension for WindowsStandalone target not found
Native extension for WebGL target not found
The project currently uses the compatibility mode where the Render Graph API is disabled. Support for this mode will be removed in future Unity versions. Migrate existing ScriptableRenderPasses to the new RenderGraph API. After the migration, disable the compatibility mode in Edit > Projects Settings > Graphics > Render Graph.
UnityEngine.Debug:ExtractStackTraceNoAlloc (byte*,int,string)
UnityEngine.StackTraceUtility:ExtractStackTrace ()
UnityEngine.DebugLogHandler:Internal_Log (UnityEngine.LogType,UnityEngine.LogOption,string,UnityEngine.Object)
UnityEngine.DebugLogHandler:LogFormat (UnityEngine.LogType,UnityEngine.Object,string,object[])
UnityEngine.Logger:Log (UnityEngine.LogType,object)
UnityEngine.Debug:LogWarning (object)
UnityEngine.Rendering.Universal.WarnUsingNonRenderGraph:EmitConsoleWarning () (at ./Library/PackageCache/com.unity.render-pipelines.universal/Runtime/Data/UniversalRenderPipelineAsset.cs:427)
System.Reflection.RuntimeMethodInfo:Invoke (object,System.Reflection.BindingFlags,System.Reflection.Binder,object[],System.Globalization.CultureInfo)
System.Reflection.MethodBase:Invoke (object,object[])
UnityEditor.EditorAssemblies:ProcessInitializeOnLoadMethodAttributes ()

(Filename: ./Library/PackageCache/com.unity.render-pipelines.universal/Runtime/Data/UniversalRenderPipelineAsset.cs Line: 427)

Mono: successfully reloaded assembly
- Finished resetting the current domain, in  0.733 seconds
Domain Reload Profiling: 1395ms
	BeginReloadAssembly (147ms)
		ExecutionOrderSort (0ms)
		DisableScriptedObjects (6ms)
		BackupInstance (0ms)
		ReleaseScriptingObjects (0ms)
		CreateAndSetChildDomain (28ms)
	RebuildCommonClasses (31ms)
	RebuildNativeTypeToScriptingClass (10ms)
	initialDomainReloadingComplete (31ms)
	LoadAllAssembliesAndSetupDomain (443ms)
		LoadAssemblies (287ms)
		RebuildTransferFunctionScriptingTraits (0ms)
		AnalyzeDomain (242ms)
			TypeCache.Refresh (163ms)
				TypeCache.ScanAssembly (149ms)
			BuildScriptInfoCaches (65ms)
			ResolveRequiredComponents (10ms)
	FinalizeReload (734ms)
		ReleaseScriptCaches (0ms)
		RebuildScriptCaches (0ms)
		SetupLoadedEditorAssemblies (605ms)
			LogAssemblyErrors (0ms)
			InitializePlatformSupportModulesInManaged (11ms)
			SetLoadedEditorAssemblies (3ms)
			BeforeProcessingInitializeOnLoad (52ms)
			ProcessInitializeOnLoadAttributes (437ms)
			ProcessInitializeOnLoadMethodAttributes (97ms)
			AfterProcessingInitializeOnLoad (4ms)
			EditorAssembliesLoaded (0ms)
		ExecutionOrderSort2 (0ms)
		AwakeInstancesAfterBackupRestoration (5ms)
Launched and connected shader compiler UnityShaderCompiler.exe after 0.01 seconds
Refreshing native plugins compatible for Editor in 1.71 ms, found 4 plugins.
Preloading 0 native plugins for Editor in 0.00 ms.
Unloading 204 Unused Serialized files (Serialized files now loaded: 0)
Unloading 6251 unused Assets / (4.5 MB). Loaded Objects now: 6928.
Memory consumption went from 171.5 MB to 166.9 MB.
Total: 16.291900 ms (FindLiveObjects: 1.008200 ms CreateObjectMapping: 1.178800 ms MarkObjects: 8.528500 ms  DeleteObjects: 5.573800 ms)

========================================================================
Received Import Request.
  Time since last request: 435913.544627 seconds.
  path: Assets/03.Graphics/Isometric Environment/Isometric Environment/Tall Grass/Variant Version 0/Variant 0 - Grass 1.png
  artifactKey: Guid(c8eae08e3e9640149959e5bdba4624f4) Importer(815301076,1909f56bfc062723c751e8b465ee728b)
Start importing Assets/03.Graphics/Isometric Environment/Isometric Environment/Tall Grass/Variant Version 0/Variant 0 - Grass 1.png using Guid(c8eae08e3e9640149959e5bdba4624f4) Importer(815301076,1909f56bfc062723c751e8b465ee728b) (PreviewImporter) -> (artifact id: '285aa4b7fac5c64af15c08013afe96aa') in 0.1149144 seconds
Number of updated asset objects reloaded before import = 0Number of asset objects unloaded after import = 3

========================================================================
Received Import Request.
  Time since last request: 0.532654 seconds.
  path: Assets/03.Graphics/Isometric Environment/Isometric Environment/Tall Grass/Variant Version 1/Variant 1 - Grass 1.png
  artifactKey: Guid(4eb134ae640d5f54e983e64f25cb761d) Importer(815301076,1909f56bfc062723c751e8b465ee728b)
Start importing Assets/03.Graphics/Isometric Environment/Isometric Environment/Tall Grass/Variant Version 1/Variant 1 - Grass 1.png using Guid(4eb134ae640d5f54e983e64f25cb761d) Importer(815301076,1909f56bfc062723c751e8b465ee728b) (PreviewImporter) -> (artifact id: '764615173d09e35323ba226899c77a20') in 0.0197402 seconds
Number of updated asset objects reloaded before import = 0Number of asset objects unloaded after import = 3

========================================================================
Received Import Request.
  Time since last request: 0.000019 seconds.
  path: Assets/03.Graphics/Isometric Environment/Isometric Environment/Tall Grass/Variant Version 1/Variant 1 - Grass 3.png
  artifactKey: Guid(17150c41abc5df04db446922c2a16c9e) Importer(815301076,1909f56bfc062723c751e8b465ee728b)
Start importing Assets/03.Graphics/Isometric Environment/Isometric Environment/Tall Grass/Variant Version 1/Variant 1 - Grass 3.png using Guid(17150c41abc5df04db446922c2a16c9e) Importer(815301076,1909f56bfc062723c751e8b465ee728b) (PreviewImporter) -> (artifact id: 'b6b1916abadc47cb91e33bad105a74f3') in 0.0178494 seconds
Number of updated asset objects reloaded before import = 0Number of asset objects unloaded after import = 3

========================================================================
Received Import Request.
  Time since last request: 0.464887 seconds.
  path: Assets/03.Graphics/Isometric Environment/Isometric Environment/Tall Grass/Version 0/Version 0 - Grass 1.png
  artifactKey: Guid(59812df3f163b11489b702ef2fefe9d9) Importer(815301076,1909f56bfc062723c751e8b465ee728b)
Start importing Assets/03.Graphics/Isometric Environment/Isometric Environment/Tall Grass/Version 0/Version 0 - Grass 1.png using Guid(59812df3f163b11489b702ef2fefe9d9) Importer(815301076,1909f56bfc062723c751e8b465ee728b) (PreviewImporter) -> (artifact id: '9c2fb81c2954d6d452719909a138b9f7') in 0.0242356 seconds
Number of updated asset objects reloaded before import = 0Number of asset objects unloaded after import = 3

========================================================================
Received Import Request.
  Time since last request: 0.000022 seconds.
  path: Assets/03.Graphics/Isometric Environment/Isometric Environment/Tall Grass/Version 0/Version 0 - Grass 3.png
  artifactKey: Guid(ca5690df120c02f41be361bb51b70b4c) Importer(815301076,1909f56bfc062723c751e8b465ee728b)
Start importing Assets/03.Graphics/Isometric Environment/Isometric Environment/Tall Grass/Version 0/Version 0 - Grass 3.png using Guid(ca5690df120c02f41be361bb51b70b4c) Importer(815301076,1909f56bfc062723c751e8b465ee728b) (PreviewImporter) -> (artifact id: '43c7032a7083660542f1d697180d5800') in 0.0302167 seconds
Number of updated asset objects reloaded before import = 0Number of asset objects unloaded after import = 3

========================================================================
Received Import Request.
  Time since last request: 32.546609 seconds.
  path: Assets/03.Graphics/Isometric Environment/Isometric Environment/Tiles/TileRule/RockTile 1.asset
  artifactKey: Guid(ab64e7b333ffe1b4cb62125785924a9c) Importer(815301076,1909f56bfc062723c751e8b465ee728b)
Start importing Assets/03.Graphics/Isometric Environment/Isometric Environment/Tiles/TileRule/RockTile 1.asset using Guid(ab64e7b333ffe1b4cb62125785924a9c) Importer(815301076,1909f56bfc062723c751e8b465ee728b) (PreviewImporter) -> (artifact id: 'a1abb6e64ad83d9933688558b6207f86') in 0.0190709 seconds
Number of updated asset objects reloaded before import = 0Number of asset objects unloaded after import = 13

========================================================================
Received Import Request.
  Time since last request: 50.358723 seconds.
  path: Assets/03.Graphics/Isometric Environment/Isometric Environment/Tall Grass/Variant Version 0/Variant 0 - Grass 2.png
  artifactKey: Guid(fe8cbf210864097468c1b9cb55c5e4de) Importer(815301076,1909f56bfc062723c751e8b465ee728b)
Start importing Assets/03.Graphics/Isometric Environment/Isometric Environment/Tall Grass/Variant Version 0/Variant 0 - Grass 2.png using Guid(fe8cbf210864097468c1b9cb55c5e4de) Importer(815301076,1909f56bfc062723c751e8b465ee728b) (PreviewImporter) -> (artifact id: 'c37ae8d1e9064b9adce8f32e9b235648') in 0.0185236 seconds
Number of updated asset objects reloaded before import = 0Number of asset objects unloaded after import = 3

========================================================================
Received Import Request.
  Time since last request: 0.000027 seconds.
  path: Assets/03.Graphics/Isometric Environment/Isometric Environment/Tall Grass/Variant Version 0/Variant 0 - Grass 3.png
  artifactKey: Guid(0f1f43f81bd30cb48b6f90eca90c2bda) Importer(815301076,1909f56bfc062723c751e8b465ee728b)
Start importing Assets/03.Graphics/Isometric Environment/Isometric Environment/Tall Grass/Variant Version 0/Variant 0 - Grass 3.png using Guid(0f1f43f81bd30cb48b6f90eca90c2bda) Importer(815301076,1909f56bfc062723c751e8b465ee728b) (PreviewImporter) -> (artifact id: '3507a42cba7947c1a8175e8c68027e4b') in 0.0180036 seconds
Number of updated asset objects reloaded before import = 0Number of asset objects unloaded after import = 3

========================================================================
Received Import Request.
  Time since last request: 99.630751 seconds.
  path: Assets/03.Graphics/Isometric Environment/Isometric Environment/Tiles/TileRule/Grass00 1.asset
  artifactKey: Guid(e7e763bad187b1545b5985ad41e3c2bf) Importer(815301076,1909f56bfc062723c751e8b465ee728b)
Start importing Assets/03.Graphics/Isometric Environment/Isometric Environment/Tiles/TileRule/Grass00 1.asset using Guid(e7e763bad187b1545b5985ad41e3c2bf) Importer(815301076,1909f56bfc062723c751e8b465ee728b) (PreviewImporter) -> (artifact id: 'd8fbd922c194557f510ea3c658e3c1ef') in 0.0404169 seconds
Number of updated asset objects reloaded before import = 0Number of asset objects unloaded after import = 9

========================================================================
Received Import Request.
  Time since last request: 58.854864 seconds.
  path: Assets/03.Graphics/Isometric Environment/Isometric Environment/Tall Grass/Version 0/Version 0 - Grass 2.png
  artifactKey: Guid(226b6ea37bb27f54eb83fa83a819d6aa) Importer(815301076,1909f56bfc062723c751e8b465ee728b)
Start importing Assets/03.Graphics/Isometric Environment/Isometric Environment/Tall Grass/Version 0/Version 0 - Grass 2.png using Guid(226b6ea37bb27f54eb83fa83a819d6aa) Importer(815301076,1909f56bfc062723c751e8b465ee728b) (PreviewImporter) -> (artifact id: '902e9ec9138a02a087453f5395eacb01') in 0.0190869 seconds
Number of updated asset objects reloaded before import = 0Number of asset objects unloaded after import = 3

========================================================================
Received Import Request.
  Time since last request: 0.000017 seconds.
  path: Assets/03.Graphics/Isometric Environment/Isometric Environment/Tall Grass/Version 0/Version 0 - Grass 3.png
  artifactKey: Guid(ca5690df120c02f41be361bb51b70b4c) Importer(815301076,1909f56bfc062723c751e8b465ee728b)
Start importing Assets/03.Graphics/Isometric Environment/Isometric Environment/Tall Grass/Version 0/Version 0 - Grass 3.png using Guid(ca5690df120c02f41be361bb51b70b4c) Importer(815301076,1909f56bfc062723c751e8b465ee728b) (PreviewImporter) -> (artifact id: '64068176b179a680a3f3b76a0d0ae04a') in 0.0179005 seconds
Number of updated asset objects reloaded before import = 0Number of asset objects unloaded after import = 3

========================================================================
Received Import Request.
  Time since last request: 51.091020 seconds.
  path: Assets/03.Graphics/Isometric Environment/Isometric Environment/Tall Grass/Variant Version 1/Variant 1 - Grass 2.png
  artifactKey: Guid(55b3ff4aa19b55d4d974b57e990de1be) Importer(815301076,1909f56bfc062723c751e8b465ee728b)
Start importing Assets/03.Graphics/Isometric Environment/Isometric Environment/Tall Grass/Variant Version 1/Variant 1 - Grass 2.png using Guid(55b3ff4aa19b55d4d974b57e990de1be) Importer(815301076,1909f56bfc062723c751e8b465ee728b) (PreviewImporter) -> (artifact id: '0349b514d0f109b2a1e84efc24511adc') in 0.0101452 seconds
Number of updated asset objects reloaded before import = 0Number of asset objects unloaded after import = 3

========================================================================
Received Import Request.
  Time since last request: 0.000023 seconds.
  path: Assets/03.Graphics/Isometric Environment/Isometric Environment/Tall Grass/Variant Version 1/Variant 1 - Grass 3.png
  artifactKey: Guid(17150c41abc5df04db446922c2a16c9e) Importer(815301076,1909f56bfc062723c751e8b465ee728b)
Start importing Assets/03.Graphics/Isometric Environment/Isometric Environment/Tall Grass/Variant Version 1/Variant 1 - Grass 3.png using Guid(17150c41abc5df04db446922c2a16c9e) Importer(815301076,1909f56bfc062723c751e8b465ee728b) (PreviewImporter) -> (artifact id: '0c29f4ccde3e1ee51a8714e673259cf9') in 0.0084751 seconds
Number of updated asset objects reloaded before import = 0Number of asset objects unloaded after import = 3

========================================================================
Received Import Request.
  Time since last request: 11.871334 seconds.
  path: Assets/03.Graphics/Isometric Environment/Isometric Environment/Tall Grass/Variant Version 1/Variant 1 - Grass 2.png
  artifactKey: Guid(55b3ff4aa19b55d4d974b57e990de1be) Importer(815301076,1909f56bfc062723c751e8b465ee728b)
Start importing Assets/03.Graphics/Isometric Environment/Isometric Environment/Tall Grass/Variant Version 1/Variant 1 - Grass 2.png using Guid(55b3ff4aa19b55d4d974b57e990de1be) Importer(815301076,1909f56bfc062723c751e8b465ee728b) (PreviewImporter) -> (artifact id: '1634ba5c1ce7c7832e713eb5c2ecd56e') in 0.0162997 seconds
Number of updated asset objects reloaded before import = 0Number of asset objects unloaded after import = 3

========================================================================
Received Import Request.
  Time since last request: 0.000019 seconds.
  path: Assets/03.Graphics/Isometric Environment/Isometric Environment/Tall Grass/Variant Version 1/Variant 1 - Grass 3.png
  artifactKey: Guid(17150c41abc5df04db446922c2a16c9e) Importer(815301076,1909f56bfc062723c751e8b465ee728b)
Start importing Assets/03.Graphics/Isometric Environment/Isometric Environment/Tall Grass/Variant Version 1/Variant 1 - Grass 3.png using Guid(17150c41abc5df04db446922c2a16c9e) Importer(815301076,1909f56bfc062723c751e8b465ee728b) (PreviewImporter) -> (artifact id: '4f7c7f50177638be7a14b9276e375f74') in 0.0161962 seconds
Number of updated asset objects reloaded before import = 0Number of asset objects unloaded after import = 3

========================================================================
Received Import Request.
  Time since last request: 24.804420 seconds.
  path: Assets/03.Graphics/Isometric Environment/Isometric Environment/Tall Grass/Version 1/Version 1 - Grass 2.png
  artifactKey: Guid(6b91f0481b28e9049a218a26bafec462) Importer(815301076,1909f56bfc062723c751e8b465ee728b)
Start importing Assets/03.Graphics/Isometric Environment/Isometric Environment/Tall Grass/Version 1/Version 1 - Grass 2.png using Guid(6b91f0481b28e9049a218a26bafec462) Importer(815301076,1909f56bfc062723c751e8b465ee728b) (PreviewImporter) -> (artifact id: '8e6628339f8c2a7fe8b65f3ee5ad186d') in 0.0196684 seconds
Number of updated asset objects reloaded before import = 0Number of asset objects unloaded after import = 3

========================================================================
Received Import Request.
  Time since last request: 8.730808 seconds.
  path: Assets/03.Graphics/Isometric Environment/Isometric Environment/Tall Grass/Version 0/Version 0 - Grass 2.png
  artifactKey: Guid(226b6ea37bb27f54eb83fa83a819d6aa) Importer(815301076,1909f56bfc062723c751e8b465ee728b)
Start importing Assets/03.Graphics/Isometric Environment/Isometric Environment/Tall Grass/Version 0/Version 0 - Grass 2.png using Guid(226b6ea37bb27f54eb83fa83a819d6aa) Importer(815301076,1909f56bfc062723c751e8b465ee728b) (PreviewImporter) -> (artifact id: '5b96cf453fee545cc6f17ab2ff15c428') in 0.0093619 seconds
Number of updated asset objects reloaded before import = 0Number of asset objects unloaded after import = 3

========================================================================
Received Import Request.
  Time since last request: 172.114658 seconds.
  path: Assets/03.Graphics/Isometric Environment/Isometric Environment/Green Tree/Variant/Variant - Big Tree 1.png
  artifactKey: Guid(5ef6a2a96cc3d824eafad91e43dd64fb) Importer(815301076,1909f56bfc062723c751e8b465ee728b)
Start importing Assets/03.Graphics/Isometric Environment/Isometric Environment/Green Tree/Variant/Variant - Big Tree 1.png using Guid(5ef6a2a96cc3d824eafad91e43dd64fb) Importer(815301076,1909f56bfc062723c751e8b465ee728b) (PreviewImporter) -> (artifact id: 'b2d0c31fb6494bd97411af14c9d34d0d') in 0.0162549 seconds
Number of updated asset objects reloaded before import = 0Number of asset objects unloaded after import = 3

========================================================================
Received Import Request.
  Time since last request: 0.000020 seconds.
  path: Assets/03.Graphics/Isometric Environment/Isometric Environment/Green Tree/Variant/Variant - Big Tree 4.png
  artifactKey: Guid(44e4213de99f37d4b8f7dd8d0f31f6be) Importer(815301076,1909f56bfc062723c751e8b465ee728b)
Start importing Assets/03.Graphics/Isometric Environment/Isometric Environment/Green Tree/Variant/Variant - Big Tree 4.png using Guid(44e4213de99f37d4b8f7dd8d0f31f6be) Importer(815301076,1909f56bfc062723c751e8b465ee728b) (PreviewImporter) -> (artifact id: 'ceed06ea4fd38616f1627bdf1c4d18fa') in 0.020332 seconds
Number of updated asset objects reloaded before import = 0Number of asset objects unloaded after import = 3

========================================================================
Received Import Request.
  Time since last request: 0.000039 seconds.
  path: Assets/03.Graphics/Isometric Environment/Isometric Environment/Green Tree/Variant/Variant - Big Tree 5.png
  artifactKey: Guid(05b5f50493c88c64c8421ec775a502b5) Importer(815301076,1909f56bfc062723c751e8b465ee728b)
Start importing Assets/03.Graphics/Isometric Environment/Isometric Environment/Green Tree/Variant/Variant - Big Tree 5.png using Guid(05b5f50493c88c64c8421ec775a502b5) Importer(815301076,1909f56bfc062723c751e8b465ee728b) (PreviewImporter) -> (artifact id: '76480a88be7a44be4052d111c39c7ffc') in 0.0240323 seconds
Number of updated asset objects reloaded before import = 0Number of asset objects unloaded after import = 3

========================================================================
Received Import Request.
  Time since last request: 0.000042 seconds.
  path: Assets/03.Graphics/Isometric Environment/Isometric Environment/Green Tree/Variant/Variant - Small Tree 1.png
  artifactKey: Guid(da365d1c97ce3b54198204fa90b71d17) Importer(815301076,1909f56bfc062723c751e8b465ee728b)
Start importing Assets/03.Graphics/Isometric Environment/Isometric Environment/Green Tree/Variant/Variant - Small Tree 1.png using Guid(da365d1c97ce3b54198204fa90b71d17) Importer(815301076,1909f56bfc062723c751e8b465ee728b) (PreviewImporter) -> (artifact id: '629b31b60c98df566f5b6c6319598be2') in 0.0275211 seconds
Number of updated asset objects reloaded before import = 0Number of asset objects unloaded after import = 3

========================================================================
Received Import Request.
  Time since last request: 0.000023 seconds.
  path: Assets/03.Graphics/Isometric Environment/Isometric Environment/Green Tree/Variant/Variant - Small Tree 5.png
  artifactKey: Guid(6b9dbdb32e7974441b19122d2980d7f9) Importer(815301076,1909f56bfc062723c751e8b465ee728b)
Start importing Assets/03.Graphics/Isometric Environment/Isometric Environment/Green Tree/Variant/Variant - Small Tree 5.png using Guid(6b9dbdb32e7974441b19122d2980d7f9) Importer(815301076,1909f56bfc062723c751e8b465ee728b) (PreviewImporter) -> (artifact id: '9af6e4491e844ae6c3e5e3b7b0a253e2') in 0.0194806 seconds
Number of updated asset objects reloaded before import = 0Number of asset objects unloaded after import = 3

========================================================================
Received Import Request.
  Time since last request: 0.000018 seconds.
  path: Assets/03.Graphics/Isometric Environment/Isometric Environment/Green Tree/Variant/Variant - Small Tree 4.png
  artifactKey: Guid(f8526e806d70fb34ba5198375d403f8e) Importer(815301076,1909f56bfc062723c751e8b465ee728b)
Start importing Assets/03.Graphics/Isometric Environment/Isometric Environment/Green Tree/Variant/Variant - Small Tree 4.png using Guid(f8526e806d70fb34ba5198375d403f8e) Importer(815301076,1909f56bfc062723c751e8b465ee728b) (PreviewImporter) -> (artifact id: '902cca5713d8563ead1b5acaca5fb383') in 0.0176305 seconds
Number of updated asset objects reloaded before import = 0Number of asset objects unloaded after import = 3

========================================================================
Received Import Request.
  Time since last request: 0.000020 seconds.
  path: Assets/03.Graphics/Isometric Environment/Isometric Environment/Green Tree/Variant/Variant - Big Tree 3.png
  artifactKey: Guid(424bb868cac8db64797443404b8ff562) Importer(815301076,1909f56bfc062723c751e8b465ee728b)
Start importing Assets/03.Graphics/Isometric Environment/Isometric Environment/Green Tree/Variant/Variant - Big Tree 3.png using Guid(424bb868cac8db64797443404b8ff562) Importer(815301076,1909f56bfc062723c751e8b465ee728b) (PreviewImporter) -> (artifact id: 'fb09fb6a0b8fb2a4f42b9aa20d093538') in 0.0197548 seconds
Number of updated asset objects reloaded before import = 0Number of asset objects unloaded after import = 3

Editor requested this worker to shutdown with reason: Scaling down because of idle timeout
AssetImportWorker is now disconnected from the server
Process exiting
Exiting without the bug reporter. Application will terminate with return code 0