Using pre-set license
Built from '6000.0/release' branch; Version is '6000.0.29f1 (9fafe5c9db65) revision 10465253'; Using compiler version '193933523'; Build Type 'Release'
OS: 'Windows 11  (10.0.26100) 64bit CoreSingleLanguage' Language: 'en' Physical Memory: 16163 MB
BatchMode: 1, IsHumanControllingUs: 0, StartBugReporterOnCrash: 0, Is64bit: 1, IsPro: 1

COMMAND LINE ARGUMENTS:
D:\Project\Unity\6000.0.29f1\Editor\Unity.exe
-adb2
-batchMode
-noUpm
-name
AssetImportWorker6
-projectPath
D:/Project/Unity/Kingdom/Village-Hunters
-logFile
Logs/AssetImportWorker6.log
-srvPort
64706
-job-worker-count
5
-background-job-worker-count
8
-asset-garbage-collectors
1
Successfully changed project path to: D:/Project/Unity/Kingdom/Village-Hunters
D:/Project/Unity/Kingdom/Village-Hunters
[UnityMemory] Configuration Parameters - Can be set up in boot.config
    "memorysetup-bucket-allocator-granularity=16"
    "memorysetup-bucket-allocator-bucket-count=8"
    "memorysetup-bucket-allocator-block-size=33554432"
    "memorysetup-bucket-allocator-block-count=8"
    "memorysetup-main-allocator-block-size=16777216"
    "memorysetup-thread-allocator-block-size=16777216"
    "memorysetup-gfx-main-allocator-block-size=16777216"
    "memorysetup-gfx-thread-allocator-block-size=16777216"
    "memorysetup-cache-allocator-block-size=4194304"
    "memorysetup-typetree-allocator-block-size=2097152"
    "memorysetup-profiler-bucket-allocator-granularity=16"
    "memorysetup-profiler-bucket-allocator-bucket-count=8"
    "memorysetup-profiler-bucket-allocator-block-size=33554432"
    "memorysetup-profiler-bucket-allocator-block-count=8"
    "memorysetup-profiler-allocator-block-size=16777216"
    "memorysetup-profiler-editor-allocator-block-size=1048576"
    "memorysetup-temp-allocator-size-main=16777216"
    "memorysetup-job-temp-allocator-block-size=2097152"
    "memorysetup-job-temp-allocator-block-size-background=1048576"
    "memorysetup-job-temp-allocator-reduction-small-platforms=262144"
    "memorysetup-allocator-temp-initial-block-size-main=262144"
    "memorysetup-allocator-temp-initial-block-size-worker=262144"
    "memorysetup-temp-allocator-size-background-worker=32768"
    "memorysetup-temp-allocator-size-job-worker=262144"
    "memorysetup-temp-allocator-size-preload-manager=33554432"
    "memorysetup-temp-allocator-size-nav-mesh-worker=65536"
    "memorysetup-temp-allocator-size-audio-worker=65536"
    "memorysetup-temp-allocator-size-cloud-worker=32768"
    "memorysetup-temp-allocator-size-gi-baking-worker=262144"
    "memorysetup-temp-allocator-size-gi-baking-worker=262144"
    "memorysetup-temp-allocator-size-gi-baking-worker=262144"
    "memorysetup-temp-allocator-size-gi-baking-worker=262144"
    "memorysetup-temp-allocator-size-gi-baking-worker=262144"
    "memorysetup-temp-allocator-size-gfx=262144"
Player connection [24004]  Target information:

Player connection [24004]  * "[IP] 192.168.1.5 [Port] 0 [Flags] 2 [Guid] 1426211860 [EditorId] 1426211860 [Version] 1048832 [Id] WindowsEditor(7,LAPTOP-QSESO04I) [Debug] 1 [PackageName] WindowsEditor [ProjectName] Editor" 

Player connection [24004] Host joined multi-casting on [225.0.0.222:54997]...
Player connection [24004] Host joined alternative multi-casting on [225.0.0.222:34997]...
JobSystem: Creating JobQueue using job-worker-count value 5
[Physics::Module] Initialized fallback backend.
[Physics::Module] Id: 0xdecafbad
Library Redirect Path: Library/
[Physics::Module] Selected backend.
[Physics::Module] Name: PhysX
[Physics::Module] Id: 0xf2b8ea05
[Physics::Module] SDK Version: 4.1.2
[Physics::Module] Integration Version: 1.0.0
[Physics::Module] Threading Mode: Multi-Threaded
Refreshing native plugins compatible for Editor in 1.60 ms, found 4 plugins.
Preloading 0 native plugins for Editor in 0.00 ms.
Initialize engine version: 6000.0.29f1 (9fafe5c9db65)
[Subsystems] Discovering subsystems at path D:/Project/Unity/6000.0.29f1/Editor/Data/Resources/UnitySubsystems
[Subsystems] Discovering subsystems at path D:/Project/Unity/Kingdom/Village-Hunters/Assets
GfxDevice: creating device client; kGfxThreadingModeNonThreaded
Direct3D:
    Version:  Direct3D 11.0 [level 11.1]
    Renderer: NVIDIA GeForce RTX 3050 Laptop GPU (ID=0x25a5)
    Vendor:   NVIDIA
    VRAM:     3964 MB
    Driver:   32.0.15.7216
Initialize mono
Mono path[0] = 'D:/Project/Unity/6000.0.29f1/Editor/Data/Managed'
Mono path[1] = 'D:/Project/Unity/6000.0.29f1/Editor/Data/MonoBleedingEdge/lib/mono/unityjit-win32'
Mono config path = 'D:/Project/Unity/6000.0.29f1/Editor/Data/MonoBleedingEdge/etc'
Using monoOptions --debugger-agent=transport=dt_socket,embedding=1,server=y,suspend=n,address=127.0.0.1:56488
Begin MonoManager ReloadAssembly
Registering precompiled unity dll's ...
Register platform support module: D:/Project/Unity/6000.0.29f1/Editor/Data/PlaybackEngines/WebGLSupport/UnityEditor.WebGL.Extensions.dll
Register platform support module: D:/Project/Unity/6000.0.29f1/Editor/Data/PlaybackEngines/WindowsStandaloneSupport/UnityEditor.WindowsStandalone.Extensions.dll
Register platform support module: D:/Project/Unity/6000.0.29f1/Editor/Data/PlaybackEngines/iOSSupport/UnityEditor.iOS.Extensions.dll
Registered in 0.008184 seconds.
- Loaded All Assemblies, in  0.484 seconds
[usbmuxd] Start listen thread
[usbmuxd] Listen thread started
Native extension for iOS target not found
Native extension for WindowsStandalone target not found
Native extension for WebGL target not found
Mono: successfully reloaded assembly
- Finished resetting the current domain, in  0.482 seconds
Domain Reload Profiling: 967ms
	BeginReloadAssembly (180ms)
		ExecutionOrderSort (0ms)
		DisableScriptedObjects (0ms)
		BackupInstance (0ms)
		ReleaseScriptingObjects (0ms)
		CreateAndSetChildDomain (1ms)
	RebuildCommonClasses (48ms)
	RebuildNativeTypeToScriptingClass (12ms)
	initialDomainReloadingComplete (57ms)
	LoadAllAssembliesAndSetupDomain (188ms)
		LoadAssemblies (178ms)
		RebuildTransferFunctionScriptingTraits (0ms)
		AnalyzeDomain (184ms)
			TypeCache.Refresh (182ms)
				TypeCache.ScanAssembly (167ms)
			BuildScriptInfoCaches (0ms)
			ResolveRequiredComponents (1ms)
	FinalizeReload (483ms)
		ReleaseScriptCaches (0ms)
		RebuildScriptCaches (0ms)
		SetupLoadedEditorAssemblies (434ms)
			LogAssemblyErrors (0ms)
			InitializePlatformSupportModulesInManaged (91ms)
			SetLoadedEditorAssemblies (9ms)
			BeforeProcessingInitializeOnLoad (15ms)
			ProcessInitializeOnLoadAttributes (234ms)
			ProcessInitializeOnLoadMethodAttributes (84ms)
			AfterProcessingInitializeOnLoad (2ms)
			EditorAssembliesLoaded (0ms)
		ExecutionOrderSort2 (0ms)
		AwakeInstancesAfterBackupRestoration (0ms)
========================================================================
Worker process is ready to serve import requests
Import Worker Mode flag is 0x00
Begin MonoManager ReloadAssembly
- Loaded All Assemblies, in  1.073 seconds
Refreshing native plugins compatible for Editor in 0.95 ms, found 4 plugins.
Native extension for iOS target not found
Native extension for WindowsStandalone target not found
Native extension for WebGL target not found
The project currently uses the compatibility mode where the Render Graph API is disabled. Support for this mode will be removed in future Unity versions. Migrate existing ScriptableRenderPasses to the new RenderGraph API. After the migration, disable the compatibility mode in Edit > Projects Settings > Graphics > Render Graph.
UnityEngine.Debug:ExtractStackTraceNoAlloc (byte*,int,string)
UnityEngine.StackTraceUtility:ExtractStackTrace ()
UnityEngine.DebugLogHandler:Internal_Log (UnityEngine.LogType,UnityEngine.LogOption,string,UnityEngine.Object)
UnityEngine.DebugLogHandler:LogFormat (UnityEngine.LogType,UnityEngine.Object,string,object[])
UnityEngine.Logger:Log (UnityEngine.LogType,object)
UnityEngine.Debug:LogWarning (object)
UnityEngine.Rendering.Universal.WarnUsingNonRenderGraph:EmitConsoleWarning () (at ./Library/PackageCache/com.unity.render-pipelines.universal/Runtime/Data/UniversalRenderPipelineAsset.cs:427)
System.Reflection.RuntimeMethodInfo:Invoke (object,System.Reflection.BindingFlags,System.Reflection.Binder,object[],System.Globalization.CultureInfo)
System.Reflection.MethodBase:Invoke (object,object[])
UnityEditor.EditorAssemblies:ProcessInitializeOnLoadMethodAttributes ()

(Filename: ./Library/PackageCache/com.unity.render-pipelines.universal/Runtime/Data/UniversalRenderPipelineAsset.cs Line: 427)

Mono: successfully reloaded assembly
- Finished resetting the current domain, in  1.051 seconds
Domain Reload Profiling: 2123ms
	BeginReloadAssembly (188ms)
		ExecutionOrderSort (0ms)
		DisableScriptedObjects (7ms)
		BackupInstance (0ms)
		ReleaseScriptingObjects (0ms)
		CreateAndSetChildDomain (38ms)
	RebuildCommonClasses (37ms)
	RebuildNativeTypeToScriptingClass (12ms)
	initialDomainReloadingComplete (34ms)
	LoadAllAssembliesAndSetupDomain (801ms)
		LoadAssemblies (575ms)
		RebuildTransferFunctionScriptingTraits (0ms)
		AnalyzeDomain (331ms)
			TypeCache.Refresh (229ms)
				TypeCache.ScanAssembly (208ms)
			BuildScriptInfoCaches (86ms)
			ResolveRequiredComponents (11ms)
	FinalizeReload (1052ms)
		ReleaseScriptCaches (0ms)
		RebuildScriptCaches (0ms)
		SetupLoadedEditorAssemblies (872ms)
			LogAssemblyErrors (0ms)
			InitializePlatformSupportModulesInManaged (12ms)
			SetLoadedEditorAssemblies (3ms)
			BeforeProcessingInitializeOnLoad (71ms)
			ProcessInitializeOnLoadAttributes (613ms)
			ProcessInitializeOnLoadMethodAttributes (166ms)
			AfterProcessingInitializeOnLoad (7ms)
			EditorAssembliesLoaded (0ms)
		ExecutionOrderSort2 (0ms)
		AwakeInstancesAfterBackupRestoration (6ms)
Launched and connected shader compiler UnityShaderCompiler.exe after 0.02 seconds
Refreshing native plugins compatible for Editor in 3.21 ms, found 4 plugins.
Preloading 0 native plugins for Editor in 0.00 ms.
Unloading 204 Unused Serialized files (Serialized files now loaded: 0)
Unloading 6251 unused Assets / (4.5 MB). Loaded Objects now: 6928.
Memory consumption went from 171.6 MB to 167.1 MB.
Total: 19.413100 ms (FindLiveObjects: 3.098800 ms CreateObjectMapping: 1.685500 ms MarkObjects: 9.898400 ms  DeleteObjects: 4.728300 ms)

========================================================================
Received Import Request.
  Time since last request: 433275.583725 seconds.
  path: Assets/03.Graphics/Isometric Environment/Isometric Environment/Tiles/TilePalette/Tile Palette.prefab
  artifactKey: Guid(8ffd05a3dfa91764a9bfa41b8d2c9852) Importer(815301076,1909f56bfc062723c751e8b465ee728b)
Start importing Assets/03.Graphics/Isometric Environment/Isometric Environment/Tiles/TilePalette/Tile Palette.prefab using Guid(8ffd05a3dfa91764a9bfa41b8d2c9852) Importer(815301076,1909f56bfc062723c751e8b465ee728b) (PreviewImporter) -> (artifact id: '8af17887c6f8e0b17e889ef30fd4cd89') in 0.3996789 seconds
Number of updated asset objects reloaded before import = 0Number of asset objects unloaded after import = 78

========================================================================
Received Import Request.
  Time since last request: 1.712135 seconds.
  path: Assets/03.Graphics/Isometric Environment/Isometric Environment/Tiles/TileRule/RuleTileForGrass 1.asset
  artifactKey: Guid(07ba6c2d5dacfc74e972edde141b68b5) Importer(815301076,1909f56bfc062723c751e8b465ee728b)
Start importing Assets/03.Graphics/Isometric Environment/Isometric Environment/Tiles/TileRule/RuleTileForGrass 1.asset using Guid(07ba6c2d5dacfc74e972edde141b68b5) Importer(815301076,1909f56bfc062723c751e8b465ee728b) (PreviewImporter) -> (artifact id: '87f4f8cdd24b1cdeb65bbef22ff77fe8') in 0.0251398 seconds
Number of updated asset objects reloaded before import = 0Number of asset objects unloaded after import = 5

========================================================================
Received Import Request.
  Time since last request: 23.683133 seconds.
  path: Assets/03.Graphics/Isometric Environment/Isometric Environment/Tiles/TileRule/RuleTileForDevil.asset
  artifactKey: Guid(07ba6c2d5dacfc74e972edde141b68b5) Importer(815301076,1909f56bfc062723c751e8b465ee728b)
Start importing Assets/03.Graphics/Isometric Environment/Isometric Environment/Tiles/TileRule/RuleTileForDevil.asset using Guid(07ba6c2d5dacfc74e972edde141b68b5) Importer(815301076,1909f56bfc062723c751e8b465ee728b) (PreviewImporter) -> (artifact id: '0d6b9c11354fcdbb128b0eb6dc3f95b5') in 0.0146222 seconds
Number of updated asset objects reloaded before import = 0Number of asset objects unloaded after import = 5

========================================================================
Received Import Request.
  Time since last request: 112.285880 seconds.
  path: Assets/03.Graphics/Isometric Environment/Isometric Environment/Tiles/TileRule/RuleTileForDevil.asset
  artifactKey: Guid(07ba6c2d5dacfc74e972edde141b68b5) Importer(815301076,1909f56bfc062723c751e8b465ee728b)
Start importing Assets/03.Graphics/Isometric Environment/Isometric Environment/Tiles/TileRule/RuleTileForDevil.asset using Guid(07ba6c2d5dacfc74e972edde141b68b5) Importer(815301076,1909f56bfc062723c751e8b465ee728b) (PreviewImporter) -> (artifact id: '909952e94a1a75613fe2b80d656f0c9b') in 0.0069175 seconds
Number of updated asset objects reloaded before import = 0Number of asset objects unloaded after import = 5

========================================================================
Received Import Request.
  Time since last request: 0.000026 seconds.
  path: Assets/03.Graphics/Isometric Environment/Isometric Environment/Tiles/TileRule/RuleTileForGrass.asset
  artifactKey: Guid(a1831ac0c4993564693b8c81fab64d7e) Importer(815301076,1909f56bfc062723c751e8b465ee728b)
Start importing Assets/03.Graphics/Isometric Environment/Isometric Environment/Tiles/TileRule/RuleTileForGrass.asset using Guid(a1831ac0c4993564693b8c81fab64d7e) Importer(815301076,1909f56bfc062723c751e8b465ee728b) (PreviewImporter) -> (artifact id: 'd77643c486573295f4397c9feb0b2381') in 0.0067707 seconds
Number of updated asset objects reloaded before import = 0Number of asset objects unloaded after import = 5

========================================================================
Received Import Request.
  Time since last request: 6.505566 seconds.
  path: Assets/03.Graphics/Isometric Environment/Isometric Environment/Tiles/TileRule/RuleTileForUndead.asset
  artifactKey: Guid(d02b6c966a7961346bc3473f341750cf) Importer(815301076,1909f56bfc062723c751e8b465ee728b)
Start importing Assets/03.Graphics/Isometric Environment/Isometric Environment/Tiles/TileRule/RuleTileForUndead.asset using Guid(d02b6c966a7961346bc3473f341750cf) Importer(815301076,1909f56bfc062723c751e8b465ee728b) (PreviewImporter) -> (artifact id: '4bb3c5b99b258137466c0b3a9de72a1a') in 0.0049051 seconds
Number of updated asset objects reloaded before import = 0Number of asset objects unloaded after import = 5

========================================================================
Received Import Request.
  Time since last request: 8.767823 seconds.
  path: Assets/03.Graphics/Isometric Environment/Isometric Environment/Tiles/TilePalette/Tile Palette.prefab
  artifactKey: Guid(8ffd05a3dfa91764a9bfa41b8d2c9852) Importer(815301076,1909f56bfc062723c751e8b465ee728b)
Start importing Assets/03.Graphics/Isometric Environment/Isometric Environment/Tiles/TilePalette/Tile Palette.prefab using Guid(8ffd05a3dfa91764a9bfa41b8d2c9852) Importer(815301076,1909f56bfc062723c751e8b465ee728b) (PreviewImporter) -> (artifact id: '29db4ce29b19df924367baf1a401e1b2') in 0.0240836 seconds
Number of updated asset objects reloaded before import = 0Number of asset objects unloaded after import = 78

========================================================================
Received Import Request.
  Time since last request: 249.285767 seconds.
  path: Assets/03.Graphics/Isometric Environment/Isometric Environment/Tiles/TileRule/RuleTileForDevil.asset
  artifactKey: Guid(07ba6c2d5dacfc74e972edde141b68b5) Importer(815301076,1909f56bfc062723c751e8b465ee728b)
Start importing Assets/03.Graphics/Isometric Environment/Isometric Environment/Tiles/TileRule/RuleTileForDevil.asset using Guid(07ba6c2d5dacfc74e972edde141b68b5) Importer(815301076,1909f56bfc062723c751e8b465ee728b) (PreviewImporter) -> (artifact id: '5ea12c033b08a7bbe1c486812866dfff') in 0.0069183 seconds
Number of updated asset objects reloaded before import = 0Number of asset objects unloaded after import = 5

========================================================================
Received Import Request.
  Time since last request: 122.428222 seconds.
  path: Assets/03.Graphics/Isometric Environment/Isometric Environment/Tiles/TilePalette/Tile Palette.prefab
  artifactKey: Guid(8ffd05a3dfa91764a9bfa41b8d2c9852) Importer(815301076,1909f56bfc062723c751e8b465ee728b)
Start importing Assets/03.Graphics/Isometric Environment/Isometric Environment/Tiles/TilePalette/Tile Palette.prefab using Guid(8ffd05a3dfa91764a9bfa41b8d2c9852) Importer(815301076,1909f56bfc062723c751e8b465ee728b) (PreviewImporter) -> (artifact id: 'a1b14bde207a051ddf1516f577f56b81') in 0.027817 seconds
Number of updated asset objects reloaded before import = 0Number of asset objects unloaded after import = 79

========================================================================
Received Import Request.
  Time since last request: 0.259777 seconds.
  path: Assets/03.Graphics/Isometric Environment/Isometric Environment/Tiles/TileRule/RuleTileForUndead.asset
  artifactKey: Guid(d02b6c966a7961346bc3473f341750cf) Importer(815301076,1909f56bfc062723c751e8b465ee728b)
Start importing Assets/03.Graphics/Isometric Environment/Isometric Environment/Tiles/TileRule/RuleTileForUndead.asset using Guid(d02b6c966a7961346bc3473f341750cf) Importer(815301076,1909f56bfc062723c751e8b465ee728b) (PreviewImporter) -> (artifact id: 'e200940137a274cda23c0ee56cf9f36a') in 0.0124916 seconds
Number of updated asset objects reloaded before import = 0Number of asset objects unloaded after import = 5

========================================================================
Received Import Request.
  Time since last request: 379.042207 seconds.
  path: Assets/03.Graphics/Isometric Environment/Isometric Environment/Tiles/TileRule/RuleTileForDevil.asset
  artifactKey: Guid(07ba6c2d5dacfc74e972edde141b68b5) Importer(815301076,1909f56bfc062723c751e8b465ee728b)
Start importing Assets/03.Graphics/Isometric Environment/Isometric Environment/Tiles/TileRule/RuleTileForDevil.asset using Guid(07ba6c2d5dacfc74e972edde141b68b5) Importer(815301076,1909f56bfc062723c751e8b465ee728b) (PreviewImporter) -> (artifact id: '757064f88aef3281be3817f405d654c0') in 0.0080643 seconds
Number of updated asset objects reloaded before import = 0Number of asset objects unloaded after import = 5

========================================================================
Received Import Request.
  Time since last request: 0.000051 seconds.
  path: Assets/03.Graphics/Isometric Environment/Isometric Environment/Tiles/TileRule/RuleTileForUndead.asset
  artifactKey: Guid(d02b6c966a7961346bc3473f341750cf) Importer(815301076,1909f56bfc062723c751e8b465ee728b)
Start importing Assets/03.Graphics/Isometric Environment/Isometric Environment/Tiles/TileRule/RuleTileForUndead.asset using Guid(d02b6c966a7961346bc3473f341750cf) Importer(815301076,1909f56bfc062723c751e8b465ee728b) (PreviewImporter) -> (artifact id: 'aad6aa068e8843de29c8576f2cd98a2b') in 0.006043 seconds
Number of updated asset objects reloaded before import = 0Number of asset objects unloaded after import = 7

========================================================================
Received Import Request.
  Time since last request: 96.835457 seconds.
  path: Assets/03.Graphics/Isometric Environment/Isometric Environment/Tiles/TileRule/RuleTileForGoblin.asset
  artifactKey: Guid(f474b464256231b44bc8e3c8affa4ac6) Importer(815301076,1909f56bfc062723c751e8b465ee728b)
Start importing Assets/03.Graphics/Isometric Environment/Isometric Environment/Tiles/TileRule/RuleTileForGoblin.asset using Guid(f474b464256231b44bc8e3c8affa4ac6) Importer(815301076,1909f56bfc062723c751e8b465ee728b) (PreviewImporter) -> (artifact id: 'b59afa72bc5e58c23cd9770c0e32b159') in 0.0066172 seconds
Number of updated asset objects reloaded before import = 0Number of asset objects unloaded after import = 5

========================================================================
Received Import Request.
  Time since last request: 199.225981 seconds.
  path: Assets/03.Graphics/isometric-map/isometric tiles/tiles.png
  artifactKey: Guid(4157fb4738594944682ec42b9c837a2b) Importer(815301076,1909f56bfc062723c751e8b465ee728b)
Start importing Assets/03.Graphics/isometric-map/isometric tiles/tiles.png using Guid(4157fb4738594944682ec42b9c837a2b) Importer(815301076,1909f56bfc062723c751e8b465ee728b) (PreviewImporter) -> (artifact id: '1bab5ff8a00a7251d01580b1cdcce1a6') in 0.3197299 seconds
Number of updated asset objects reloaded before import = 0Number of asset objects unloaded after import = 212

========================================================================
Received Import Request.
  Time since last request: 136.180764 seconds.
  path: Assets/03.Graphics/isometric-map/isometric tiles/tiles.png
  artifactKey: Guid(4157fb4738594944682ec42b9c837a2b) Importer(815301076,1909f56bfc062723c751e8b465ee728b)
Start importing Assets/03.Graphics/isometric-map/isometric tiles/tiles.png using Guid(4157fb4738594944682ec42b9c837a2b) Importer(815301076,1909f56bfc062723c751e8b465ee728b) (PreviewImporter) -> (artifact id: '37877909b0bc089da68f7e4c6b4ff49b') in 0.2457729 seconds
Number of updated asset objects reloaded before import = 0Number of asset objects unloaded after import = 212

========================================================================
Received Import Request.
  Time since last request: 108.141342 seconds.
  path: Assets/03.Graphics/isometric-map/isometric tiles/tiles.png
  artifactKey: Guid(4157fb4738594944682ec42b9c837a2b) Importer(815301076,1909f56bfc062723c751e8b465ee728b)
Start importing Assets/03.Graphics/isometric-map/isometric tiles/tiles.png using Guid(4157fb4738594944682ec42b9c837a2b) Importer(815301076,1909f56bfc062723c751e8b465ee728b) (PreviewImporter) -> (artifact id: '7bf8688145de5f27cee4f2571d11bd27') in 0.2502216 seconds
Number of updated asset objects reloaded before import = 0Number of asset objects unloaded after import = 212

========================================================================
Received Import Request.
  Time since last request: 16.460197 seconds.
  path: Assets/03.Graphics/isometric-map/isometric tiles/tiles.png
  artifactKey: Guid(4157fb4738594944682ec42b9c837a2b) Importer(815301076,1909f56bfc062723c751e8b465ee728b)
Start importing Assets/03.Graphics/isometric-map/isometric tiles/tiles.png using Guid(4157fb4738594944682ec42b9c837a2b) Importer(815301076,1909f56bfc062723c751e8b465ee728b) (PreviewImporter) -> (artifact id: 'f2cc112bc8e3d745eda418753349b92c') in 0.2552683 seconds
Number of updated asset objects reloaded before import = 0Number of asset objects unloaded after import = 212

========================================================================
Received Import Request.
  Time since last request: 17.103955 seconds.
  path: Assets/03.Graphics/isometric-map/isometric tiles/tiles.png
  artifactKey: Guid(4157fb4738594944682ec42b9c837a2b) Importer(815301076,1909f56bfc062723c751e8b465ee728b)
Start importing Assets/03.Graphics/isometric-map/isometric tiles/tiles.png using Guid(4157fb4738594944682ec42b9c837a2b) Importer(815301076,1909f56bfc062723c751e8b465ee728b) (PreviewImporter) -> (artifact id: 'e0bdbb5d506cbe326069521c83154ff4') in 0.2476568 seconds
Number of updated asset objects reloaded before import = 0Number of asset objects unloaded after import = 212

========================================================================
Received Import Request.
  Time since last request: 22.426373 seconds.
  path: Assets/03.Graphics/isometric-map/isometric tiles/tiles.png
  artifactKey: Guid(4157fb4738594944682ec42b9c837a2b) Importer(815301076,1909f56bfc062723c751e8b465ee728b)
Start importing Assets/03.Graphics/isometric-map/isometric tiles/tiles.png using Guid(4157fb4738594944682ec42b9c837a2b) Importer(815301076,1909f56bfc062723c751e8b465ee728b) (PreviewImporter) -> (artifact id: 'c21d2182ec83e6e8c45a1ce9fbf5ee9d') in 0.2600462 seconds
Number of updated asset objects reloaded before import = 0Number of asset objects unloaded after import = 212

========================================================================
Received Import Request.
  Time since last request: 20.989791 seconds.
  path: Assets/03.Graphics/isometric-map/isometric tiles/tiles.png
  artifactKey: Guid(4157fb4738594944682ec42b9c837a2b) Importer(815301076,1909f56bfc062723c751e8b465ee728b)
Start importing Assets/03.Graphics/isometric-map/isometric tiles/tiles.png using Guid(4157fb4738594944682ec42b9c837a2b) Importer(815301076,1909f56bfc062723c751e8b465ee728b) (PreviewImporter) -> (artifact id: '325b7781a8451a26623811567f7f7c28') in 0.2648229 seconds
Number of updated asset objects reloaded before import = 0Number of asset objects unloaded after import = 212

========================================================================
Received Import Request.
  Time since last request: 122.738910 seconds.
  path: Assets/03.Graphics/Isometric Environment/Isometric Environment/Stones/Variant
  artifactKey: Guid(3b2ec7418d83ff04f8f563bf59b254f5) Importer(815301076,1909f56bfc062723c751e8b465ee728b)
Start importing Assets/03.Graphics/Isometric Environment/Isometric Environment/Stones/Variant using Guid(3b2ec7418d83ff04f8f563bf59b254f5) Importer(815301076,1909f56bfc062723c751e8b465ee728b) (PreviewImporter) -> (artifact id: '09c1e2ded71f66d05ace9901353d0948') in 0.00094 seconds
Number of updated asset objects reloaded before import = 0Number of asset objects unloaded after import = 0

========================================================================
Received Import Request.
  Time since last request: 0.136354 seconds.
  path: Assets/03.Graphics/Isometric Environment/Isometric Environment/Stones/Variant/Variant - Big Stone 0.png
  artifactKey: Guid(8a9f60bab0dbd954f9fa26c5dffa6606) Importer(815301076,1909f56bfc062723c751e8b465ee728b)
Start importing Assets/03.Graphics/Isometric Environment/Isometric Environment/Stones/Variant/Variant - Big Stone 0.png using Guid(8a9f60bab0dbd954f9fa26c5dffa6606) Importer(815301076,1909f56bfc062723c751e8b465ee728b) (PreviewImporter) -> (artifact id: '87005fbbd7a4203c2b134d244359f61c') in 0.0176846 seconds
Number of updated asset objects reloaded before import = 0Number of asset objects unloaded after import = 3

========================================================================
Received Import Request.
  Time since last request: 0.000025 seconds.
  path: Assets/03.Graphics/Isometric Environment/Isometric Environment/Stones/Variant/Variant - Big Stone 2.png
  artifactKey: Guid(3da5ffa7fba0a4544b7259ec06f46e2d) Importer(815301076,1909f56bfc062723c751e8b465ee728b)
Start importing Assets/03.Graphics/Isometric Environment/Isometric Environment/Stones/Variant/Variant - Big Stone 2.png using Guid(3da5ffa7fba0a4544b7259ec06f46e2d) Importer(815301076,1909f56bfc062723c751e8b465ee728b) (PreviewImporter) -> (artifact id: '3934f7783b13635b6bdba1202bb482cf') in 0.1621377 seconds
Number of updated asset objects reloaded before import = 0Number of asset objects unloaded after import = 3

========================================================================
Received Import Request.
  Time since last request: 0.000023 seconds.
  path: Assets/03.Graphics/Isometric Environment/Isometric Environment/Stones/Variant/Variant - Small Stone 0.png
  artifactKey: Guid(b97a7f78e83b10d40911f3c1dcfdcea4) Importer(815301076,1909f56bfc062723c751e8b465ee728b)
Start importing Assets/03.Graphics/Isometric Environment/Isometric Environment/Stones/Variant/Variant - Small Stone 0.png using Guid(b97a7f78e83b10d40911f3c1dcfdcea4) Importer(815301076,1909f56bfc062723c751e8b465ee728b) (PreviewImporter) -> (artifact id: '2e3946a0b08314360c86b59a01a95deb') in 0.0239297 seconds
Number of updated asset objects reloaded before import = 0Number of asset objects unloaded after import = 3

========================================================================
Received Import Request.
  Time since last request: 0.000045 seconds.
  path: Assets/03.Graphics/Isometric Environment/Isometric Environment/Stones/Variant/Variant - Small Stone 3.png
  artifactKey: Guid(3a3aa785e375cd94cae50b61286feaf7) Importer(815301076,1909f56bfc062723c751e8b465ee728b)
Start importing Assets/03.Graphics/Isometric Environment/Isometric Environment/Stones/Variant/Variant - Small Stone 3.png using Guid(3a3aa785e375cd94cae50b61286feaf7) Importer(815301076,1909f56bfc062723c751e8b465ee728b) (PreviewImporter) -> (artifact id: 'fb39dbdad7fc9613a45082f214788828') in 0.0212124 seconds
Number of updated asset objects reloaded before import = 0Number of asset objects unloaded after import = 3

========================================================================
Received Import Request.
  Time since last request: 412.362177 seconds.
  path: Assets/03.Graphics/Isometric Environment/Isometric Environment/Stones/Variant/Variant - Big Stone 0.png
  artifactKey: Guid(8a9f60bab0dbd954f9fa26c5dffa6606) Importer(815301076,1909f56bfc062723c751e8b465ee728b)
Start importing Assets/03.Graphics/Isometric Environment/Isometric Environment/Stones/Variant/Variant - Big Stone 0.png using Guid(8a9f60bab0dbd954f9fa26c5dffa6606) Importer(815301076,1909f56bfc062723c751e8b465ee728b) (PreviewImporter) -> (artifact id: 'ea6f5891db7ef7d936d21dbfac810808') in 0.0202402 seconds
Number of updated asset objects reloaded before import = 0Number of asset objects unloaded after import = 3

========================================================================
Received Import Request.
  Time since last request: 0.019457 seconds.
  path: Assets/03.Graphics/Isometric Environment/Isometric Environment/Stones/Variant/Variant - Big Stone 1.png
  artifactKey: Guid(a2b7a39c489d8ef4a840042026d3c824) Importer(815301076,1909f56bfc062723c751e8b465ee728b)
Start importing Assets/03.Graphics/Isometric Environment/Isometric Environment/Stones/Variant/Variant - Big Stone 1.png using Guid(a2b7a39c489d8ef4a840042026d3c824) Importer(815301076,1909f56bfc062723c751e8b465ee728b) (PreviewImporter) -> (artifact id: '54c3fe8103b5c4d1a5e4c591c77c017e') in 0.0257457 seconds
Number of updated asset objects reloaded before import = 0Number of asset objects unloaded after import = 3

========================================================================
Received Import Request.
  Time since last request: 0.000029 seconds.
  path: Assets/03.Graphics/Isometric Environment/Isometric Environment/Stones/Variant/Variant - Small Stone 2.png
  artifactKey: Guid(5d166f2d380d3c742b98f93ed1630576) Importer(815301076,1909f56bfc062723c751e8b465ee728b)
Start importing Assets/03.Graphics/Isometric Environment/Isometric Environment/Stones/Variant/Variant - Small Stone 2.png using Guid(5d166f2d380d3c742b98f93ed1630576) Importer(815301076,1909f56bfc062723c751e8b465ee728b) (PreviewImporter) -> (artifact id: '5c43fa2e1369b67e3d69b7583e884e78') in 0.0250618 seconds
Number of updated asset objects reloaded before import = 0Number of asset objects unloaded after import = 3

========================================================================
Received Import Request.
  Time since last request: 0.000035 seconds.
  path: Assets/03.Graphics/Isometric Environment/Isometric Environment/Stones/Variant/Variant - Small Stone 0.png
  artifactKey: Guid(b97a7f78e83b10d40911f3c1dcfdcea4) Importer(815301076,1909f56bfc062723c751e8b465ee728b)
Start importing Assets/03.Graphics/Isometric Environment/Isometric Environment/Stones/Variant/Variant - Small Stone 0.png using Guid(b97a7f78e83b10d40911f3c1dcfdcea4) Importer(815301076,1909f56bfc062723c751e8b465ee728b) (PreviewImporter) -> (artifact id: 'c143fb399235a4b147a8f0a50e7cf51f') in 0.0183267 seconds
Number of updated asset objects reloaded before import = 0Number of asset objects unloaded after import = 3

========================================================================
Received Import Request.
  Time since last request: 0.000034 seconds.
  path: Assets/03.Graphics/Isometric Environment/Isometric Environment/Stones/Variant/Variant - Small Stone 3.png
  artifactKey: Guid(3a3aa785e375cd94cae50b61286feaf7) Importer(815301076,1909f56bfc062723c751e8b465ee728b)
Start importing Assets/03.Graphics/Isometric Environment/Isometric Environment/Stones/Variant/Variant - Small Stone 3.png using Guid(3a3aa785e375cd94cae50b61286feaf7) Importer(815301076,1909f56bfc062723c751e8b465ee728b) (PreviewImporter) -> (artifact id: 'ffdb88159cb1fffca9de5382bf82d723') in 0.0178742 seconds
Number of updated asset objects reloaded before import = 0Number of asset objects unloaded after import = 3

========================================================================
Received Import Request.
  Time since last request: 33.310136 seconds.
  path: Assets/03.Graphics/Isometric Environment/Isometric Environment/Stones/Variant/Variant - Big Stone 1.png
  artifactKey: Guid(a2b7a39c489d8ef4a840042026d3c824) Importer(815301076,1909f56bfc062723c751e8b465ee728b)
Start importing Assets/03.Graphics/Isometric Environment/Isometric Environment/Stones/Variant/Variant - Big Stone 1.png using Guid(a2b7a39c489d8ef4a840042026d3c824) Importer(815301076,1909f56bfc062723c751e8b465ee728b) (PreviewImporter) -> (artifact id: '73de3769a7a1109da3f590997f0ea10c') in 0.0147246 seconds
Number of updated asset objects reloaded before import = 0Number of asset objects unloaded after import = 3

========================================================================
Received Import Request.
  Time since last request: 0.000046 seconds.
  path: Assets/03.Graphics/Isometric Environment/Isometric Environment/Stones/Variant/Variant - Small Stone 0.png
  artifactKey: Guid(b97a7f78e83b10d40911f3c1dcfdcea4) Importer(815301076,1909f56bfc062723c751e8b465ee728b)
Start importing Assets/03.Graphics/Isometric Environment/Isometric Environment/Stones/Variant/Variant - Small Stone 0.png using Guid(b97a7f78e83b10d40911f3c1dcfdcea4) Importer(815301076,1909f56bfc062723c751e8b465ee728b) (PreviewImporter) -> (artifact id: '456b21e1a2780c5dcebc9bf6aff04c3f') in 0.0126628 seconds
Number of updated asset objects reloaded before import = 0Number of asset objects unloaded after import = 3

========================================================================
Received Import Request.
  Time since last request: 0.000031 seconds.
  path: Assets/03.Graphics/Isometric Environment/Isometric Environment/Stones/Variant/Variant - Small Stone 1.png
  artifactKey: Guid(8812cb75d769242409115053d2dcae1b) Importer(815301076,1909f56bfc062723c751e8b465ee728b)
Start importing Assets/03.Graphics/Isometric Environment/Isometric Environment/Stones/Variant/Variant - Small Stone 1.png using Guid(8812cb75d769242409115053d2dcae1b) Importer(815301076,1909f56bfc062723c751e8b465ee728b) (PreviewImporter) -> (artifact id: '2805681f4618a85dc2cda23adbd08905') in 0.0084556 seconds
Number of updated asset objects reloaded before import = 0Number of asset objects unloaded after import = 3

========================================================================
Received Import Request.
  Time since last request: 21.183093 seconds.
  path: Assets/03.Graphics/Isometric Environment/Isometric Environment/Stones/Variant/Variant - Big Stone 2.png
  artifactKey: Guid(3da5ffa7fba0a4544b7259ec06f46e2d) Importer(815301076,1909f56bfc062723c751e8b465ee728b)
Start importing Assets/03.Graphics/Isometric Environment/Isometric Environment/Stones/Variant/Variant - Big Stone 2.png using Guid(3da5ffa7fba0a4544b7259ec06f46e2d) Importer(815301076,1909f56bfc062723c751e8b465ee728b) (PreviewImporter) -> (artifact id: '206811375ae9779bbf95affc80c3dab2') in 0.0103699 seconds
Number of updated asset objects reloaded before import = 0Number of asset objects unloaded after import = 3

========================================================================
Received Import Request.
  Time since last request: 0.000028 seconds.
  path: Assets/03.Graphics/Isometric Environment/Isometric Environment/Stones/Variant/Variant - Small Stone 3.png
  artifactKey: Guid(3a3aa785e375cd94cae50b61286feaf7) Importer(815301076,1909f56bfc062723c751e8b465ee728b)
Start importing Assets/03.Graphics/Isometric Environment/Isometric Environment/Stones/Variant/Variant - Small Stone 3.png using Guid(3a3aa785e375cd94cae50b61286feaf7) Importer(815301076,1909f56bfc062723c751e8b465ee728b) (PreviewImporter) -> (artifact id: '427c8aa192cc9d98b98ecba539b76a38') in 0.0102608 seconds
Number of updated asset objects reloaded before import = 0Number of asset objects unloaded after import = 3

Editor requested this worker to shutdown with reason: Scaling down because of idle timeout
AssetImportWorker is now disconnected from the server
Process exiting
Exiting without the bug reporter. Application will terminate with return code 0