Using pre-set license
Built from '6000.0/release' branch; Version is '6000.0.29f1 (9fafe5c9db65) revision 10465253'; Using compiler version '193933523'; Build Type 'Release'
OS: 'Windows 11  (10.0.26100) 64bit CoreSingleLanguage' Language: 'en' Physical Memory: 16163 MB
BatchMode: 1, IsHumanControllingUs: 0, StartBugReporterOnCrash: 0, Is64bit: 1, IsPro: 1

COMMAND LINE ARGUMENTS:
D:\Project\Unity\6000.0.29f1\Editor\Unity.exe
-adb2
-batchMode
-noUpm
-name
AssetImportWorker8
-projectPath
D:/Project/Unity/Kingdom/Village-Hunters
-logFile
Logs/AssetImportWorker8.log
-srvPort
64706
-job-worker-count
5
-background-job-worker-count
8
-asset-garbage-collectors
1
Successfully changed project path to: D:/Project/Unity/Kingdom/Village-Hunters
D:/Project/Unity/Kingdom/Village-Hunters
[UnityMemory] Configuration Parameters - Can be set up in boot.config
    "memorysetup-bucket-allocator-granularity=16"
    "memorysetup-bucket-allocator-bucket-count=8"
    "memorysetup-bucket-allocator-block-size=33554432"
    "memorysetup-bucket-allocator-block-count=8"
    "memorysetup-main-allocator-block-size=16777216"
    "memorysetup-thread-allocator-block-size=16777216"
    "memorysetup-gfx-main-allocator-block-size=16777216"
    "memorysetup-gfx-thread-allocator-block-size=16777216"
    "memorysetup-cache-allocator-block-size=4194304"
    "memorysetup-typetree-allocator-block-size=2097152"
    "memorysetup-profiler-bucket-allocator-granularity=16"
    "memorysetup-profiler-bucket-allocator-bucket-count=8"
    "memorysetup-profiler-bucket-allocator-block-size=33554432"
    "memorysetup-profiler-bucket-allocator-block-count=8"
    "memorysetup-profiler-allocator-block-size=16777216"
    "memorysetup-profiler-editor-allocator-block-size=1048576"
    "memorysetup-temp-allocator-size-main=16777216"
    "memorysetup-job-temp-allocator-block-size=2097152"
    "memorysetup-job-temp-allocator-block-size-background=1048576"
    "memorysetup-job-temp-allocator-reduction-small-platforms=262144"
    "memorysetup-allocator-temp-initial-block-size-main=262144"
    "memorysetup-allocator-temp-initial-block-size-worker=262144"
    "memorysetup-temp-allocator-size-background-worker=32768"
    "memorysetup-temp-allocator-size-job-worker=262144"
    "memorysetup-temp-allocator-size-preload-manager=33554432"
    "memorysetup-temp-allocator-size-nav-mesh-worker=65536"
    "memorysetup-temp-allocator-size-audio-worker=65536"
    "memorysetup-temp-allocator-size-cloud-worker=32768"
    "memorysetup-temp-allocator-size-gi-baking-worker=262144"
    "memorysetup-temp-allocator-size-gi-baking-worker=262144"
    "memorysetup-temp-allocator-size-gi-baking-worker=262144"
    "memorysetup-temp-allocator-size-gi-baking-worker=262144"
    "memorysetup-temp-allocator-size-gi-baking-worker=262144"
    "memorysetup-temp-allocator-size-gfx=262144"
Player connection [28324]  Target information:

Player connection [28324]  * "[IP] 192.168.1.5 [Port] 0 [Flags] 2 [Guid] 3248790131 [EditorId] 3248790131 [Version] 1048832 [Id] WindowsEditor(7,LAPTOP-QSESO04I) [Debug] 1 [PackageName] WindowsEditor [ProjectName] Editor" 

Player connection [28324] Host joined multi-casting on [225.0.0.222:54997]...
Player connection [28324] Host joined alternative multi-casting on [225.0.0.222:34997]...
JobSystem: Creating JobQueue using job-worker-count value 5
[Physics::Module] Initialized fallback backend.
[Physics::Module] Id: 0xdecafbad
Library Redirect Path: Library/
[Physics::Module] Selected backend.
[Physics::Module] Name: PhysX
[Physics::Module] Id: 0xf2b8ea05
[Physics::Module] SDK Version: 4.1.2
[Physics::Module] Integration Version: 1.0.0
[Physics::Module] Threading Mode: Multi-Threaded
Refreshing native plugins compatible for Editor in 1.82 ms, found 4 plugins.
Preloading 0 native plugins for Editor in 0.00 ms.
Initialize engine version: 6000.0.29f1 (9fafe5c9db65)
[Subsystems] Discovering subsystems at path D:/Project/Unity/6000.0.29f1/Editor/Data/Resources/UnitySubsystems
[Subsystems] Discovering subsystems at path D:/Project/Unity/Kingdom/Village-Hunters/Assets
GfxDevice: creating device client; kGfxThreadingModeNonThreaded
Direct3D:
    Version:  Direct3D 11.0 [level 11.1]
    Renderer: NVIDIA GeForce RTX 3050 Laptop GPU (ID=0x25a5)
    Vendor:   NVIDIA
    VRAM:     3964 MB
    Driver:   32.0.15.7216
Initialize mono
Mono path[0] = 'D:/Project/Unity/6000.0.29f1/Editor/Data/Managed'
Mono path[1] = 'D:/Project/Unity/6000.0.29f1/Editor/Data/MonoBleedingEdge/lib/mono/unityjit-win32'
Mono config path = 'D:/Project/Unity/6000.0.29f1/Editor/Data/MonoBleedingEdge/etc'
Using monoOptions --debugger-agent=transport=dt_socket,embedding=1,server=y,suspend=n,address=127.0.0.1:56536
Begin MonoManager ReloadAssembly
Registering precompiled unity dll's ...
Register platform support module: D:/Project/Unity/6000.0.29f1/Editor/Data/PlaybackEngines/WebGLSupport/UnityEditor.WebGL.Extensions.dll
Register platform support module: D:/Project/Unity/6000.0.29f1/Editor/Data/PlaybackEngines/WindowsStandaloneSupport/UnityEditor.WindowsStandalone.Extensions.dll
Register platform support module: D:/Project/Unity/6000.0.29f1/Editor/Data/PlaybackEngines/iOSSupport/UnityEditor.iOS.Extensions.dll
Registered in 0.002730 seconds.
- Loaded All Assemblies, in  0.352 seconds
[usbmuxd] Start listen thread
[usbmuxd] Listen thread started
Native extension for iOS target not found
Native extension for WindowsStandalone target not found
Native extension for WebGL target not found
Mono: successfully reloaded assembly
- Finished resetting the current domain, in  0.343 seconds
Domain Reload Profiling: 695ms
	BeginReloadAssembly (117ms)
		ExecutionOrderSort (0ms)
		DisableScriptedObjects (0ms)
		BackupInstance (0ms)
		ReleaseScriptingObjects (0ms)
		CreateAndSetChildDomain (1ms)
	RebuildCommonClasses (36ms)
	RebuildNativeTypeToScriptingClass (11ms)
	initialDomainReloadingComplete (43ms)
	LoadAllAssembliesAndSetupDomain (145ms)
		LoadAssemblies (116ms)
		RebuildTransferFunctionScriptingTraits (0ms)
		AnalyzeDomain (142ms)
			TypeCache.Refresh (140ms)
				TypeCache.ScanAssembly (127ms)
			BuildScriptInfoCaches (0ms)
			ResolveRequiredComponents (0ms)
	FinalizeReload (343ms)
		ReleaseScriptCaches (0ms)
		RebuildScriptCaches (0ms)
		SetupLoadedEditorAssemblies (301ms)
			LogAssemblyErrors (0ms)
			InitializePlatformSupportModulesInManaged (61ms)
			SetLoadedEditorAssemblies (4ms)
			BeforeProcessingInitializeOnLoad (6ms)
			ProcessInitializeOnLoadAttributes (161ms)
			ProcessInitializeOnLoadMethodAttributes (67ms)
			AfterProcessingInitializeOnLoad (3ms)
			EditorAssembliesLoaded (0ms)
		ExecutionOrderSort2 (0ms)
		AwakeInstancesAfterBackupRestoration (0ms)
========================================================================
Worker process is ready to serve import requests
Import Worker Mode flag is 0x00
Begin MonoManager ReloadAssembly
- Loaded All Assemblies, in  0.714 seconds
Refreshing native plugins compatible for Editor in 1.00 ms, found 4 plugins.
Native extension for iOS target not found
Native extension for WindowsStandalone target not found
Native extension for WebGL target not found
The project currently uses the compatibility mode where the Render Graph API is disabled. Support for this mode will be removed in future Unity versions. Migrate existing ScriptableRenderPasses to the new RenderGraph API. After the migration, disable the compatibility mode in Edit > Projects Settings > Graphics > Render Graph.
UnityEngine.Debug:ExtractStackTraceNoAlloc (byte*,int,string)
UnityEngine.StackTraceUtility:ExtractStackTrace ()
UnityEngine.DebugLogHandler:Internal_Log (UnityEngine.LogType,UnityEngine.LogOption,string,UnityEngine.Object)
UnityEngine.DebugLogHandler:LogFormat (UnityEngine.LogType,UnityEngine.Object,string,object[])
UnityEngine.Logger:Log (UnityEngine.LogType,object)
UnityEngine.Debug:LogWarning (object)
UnityEngine.Rendering.Universal.WarnUsingNonRenderGraph:EmitConsoleWarning () (at ./Library/PackageCache/com.unity.render-pipelines.universal/Runtime/Data/UniversalRenderPipelineAsset.cs:427)
System.Reflection.RuntimeMethodInfo:Invoke (object,System.Reflection.BindingFlags,System.Reflection.Binder,object[],System.Globalization.CultureInfo)
System.Reflection.MethodBase:Invoke (object,object[])
UnityEditor.EditorAssemblies:ProcessInitializeOnLoadMethodAttributes ()

(Filename: ./Library/PackageCache/com.unity.render-pipelines.universal/Runtime/Data/UniversalRenderPipelineAsset.cs Line: 427)

Mono: successfully reloaded assembly
- Finished resetting the current domain, in  0.745 seconds
Domain Reload Profiling: 1459ms
	BeginReloadAssembly (168ms)
		ExecutionOrderSort (0ms)
		DisableScriptedObjects (5ms)
		BackupInstance (0ms)
		ReleaseScriptingObjects (0ms)
		CreateAndSetChildDomain (34ms)
	RebuildCommonClasses (35ms)
	RebuildNativeTypeToScriptingClass (11ms)
	initialDomainReloadingComplete (33ms)
	LoadAllAssembliesAndSetupDomain (466ms)
		LoadAssemblies (306ms)
		RebuildTransferFunctionScriptingTraits (0ms)
		AnalyzeDomain (260ms)
			TypeCache.Refresh (178ms)
				TypeCache.ScanAssembly (163ms)
			BuildScriptInfoCaches (69ms)
			ResolveRequiredComponents (11ms)
	FinalizeReload (746ms)
		ReleaseScriptCaches (0ms)
		RebuildScriptCaches (0ms)
		SetupLoadedEditorAssemblies (614ms)
			LogAssemblyErrors (0ms)
			InitializePlatformSupportModulesInManaged (10ms)
			SetLoadedEditorAssemblies (3ms)
			BeforeProcessingInitializeOnLoad (51ms)
			ProcessInitializeOnLoadAttributes (451ms)
			ProcessInitializeOnLoadMethodAttributes (95ms)
			AfterProcessingInitializeOnLoad (4ms)
			EditorAssembliesLoaded (0ms)
		ExecutionOrderSort2 (0ms)
		AwakeInstancesAfterBackupRestoration (5ms)
Launched and connected shader compiler UnityShaderCompiler.exe after 0.01 seconds
Refreshing native plugins compatible for Editor in 1.95 ms, found 4 plugins.
Preloading 0 native plugins for Editor in 0.00 ms.
Unloading 204 Unused Serialized files (Serialized files now loaded: 0)
Unloading 6251 unused Assets / (4.1 MB). Loaded Objects now: 6928.
Memory consumption went from 171.6 MB to 167.4 MB.
Total: 11.707200 ms (FindLiveObjects: 0.951100 ms CreateObjectMapping: 1.111200 ms MarkObjects: 6.009900 ms  DeleteObjects: 3.633100 ms)

========================================================================
Received Import Request.
  Time since last request: 435368.933668 seconds.
  path: Assets/03.Graphics/Isometric Environment/Isometric Environment/Stones/Variant/Variant - Big Stone 0.png
  artifactKey: Guid(8a9f60bab0dbd954f9fa26c5dffa6606) Importer(815301076,1909f56bfc062723c751e8b465ee728b)
Start importing Assets/03.Graphics/Isometric Environment/Isometric Environment/Stones/Variant/Variant - Big Stone 0.png using Guid(8a9f60bab0dbd954f9fa26c5dffa6606) Importer(815301076,1909f56bfc062723c751e8b465ee728b) (PreviewImporter) -> (artifact id: '57c3b95b62760d12d2e526a2e241c41e') in 0.1143238 seconds
Number of updated asset objects reloaded before import = 0Number of asset objects unloaded after import = 3

========================================================================
Received Import Request.
  Time since last request: 0.000057 seconds.
  path: Assets/03.Graphics/Isometric Environment/Isometric Environment/Stones/Variant/Variant - Small Stone 3.png
  artifactKey: Guid(3a3aa785e375cd94cae50b61286feaf7) Importer(815301076,1909f56bfc062723c751e8b465ee728b)
Start importing Assets/03.Graphics/Isometric Environment/Isometric Environment/Stones/Variant/Variant - Small Stone 3.png using Guid(3a3aa785e375cd94cae50b61286feaf7) Importer(815301076,1909f56bfc062723c751e8b465ee728b) (PreviewImporter) -> (artifact id: 'a34ff5a8d2d363fb8a9ef44e6c3e1e64') in 0.0105579 seconds
Number of updated asset objects reloaded before import = 0Number of asset objects unloaded after import = 3

========================================================================
Received Import Request.
  Time since last request: 21.128306 seconds.
  path: Assets/03.Graphics/Isometric Environment/Isometric Environment/Stones/Variant/Variant - Big Stone 0.png
  artifactKey: Guid(8a9f60bab0dbd954f9fa26c5dffa6606) Importer(815301076,1909f56bfc062723c751e8b465ee728b)
Start importing Assets/03.Graphics/Isometric Environment/Isometric Environment/Stones/Variant/Variant - Big Stone 0.png using Guid(8a9f60bab0dbd954f9fa26c5dffa6606) Importer(815301076,1909f56bfc062723c751e8b465ee728b) (PreviewImporter) -> (artifact id: '14c537772cb4932bc5f9f38f1683dba6') in 0.0108997 seconds
Number of updated asset objects reloaded before import = 0Number of asset objects unloaded after import = 3

========================================================================
Received Import Request.
  Time since last request: 0.030550 seconds.
  path: Assets/03.Graphics/Isometric Environment/Isometric Environment/Stones/Variant/Variant - Big Stone 1.png
  artifactKey: Guid(a2b7a39c489d8ef4a840042026d3c824) Importer(815301076,1909f56bfc062723c751e8b465ee728b)
Start importing Assets/03.Graphics/Isometric Environment/Isometric Environment/Stones/Variant/Variant - Big Stone 1.png using Guid(a2b7a39c489d8ef4a840042026d3c824) Importer(815301076,1909f56bfc062723c751e8b465ee728b) (PreviewImporter) -> (artifact id: '7d40b8aa9e66b0462f9df6e0a33994f8') in 0.0107961 seconds
Number of updated asset objects reloaded before import = 0Number of asset objects unloaded after import = 3

========================================================================
Received Import Request.
  Time since last request: 33.649766 seconds.
  path: Assets/03.Graphics/Isometric Environment/Isometric Environment/Stones/Variant/Variant - Small Stone 0.asset
  artifactKey: Guid(bf7b46889a697e249b73187edc6a33af) Importer(815301076,1909f56bfc062723c751e8b465ee728b)
Start importing Assets/03.Graphics/Isometric Environment/Isometric Environment/Stones/Variant/Variant - Small Stone 0.asset using Guid(bf7b46889a697e249b73187edc6a33af) Importer(815301076,1909f56bfc062723c751e8b465ee728b) (PreviewImporter) -> (artifact id: 'e87487d55f2345977ec4e9603e2e2488') in 0.020292 seconds
Number of updated asset objects reloaded before import = 0Number of asset objects unloaded after import = 3

========================================================================
Received Import Request.
  Time since last request: 98.127273 seconds.
  path: Assets/03.Graphics/Isometric Environment/Isometric Environment/Stones/Variant/Variant - Small Stone 3.asset
  artifactKey: Guid(90a00b9cc69e22748a3b6f62762dd067) Importer(815301076,1909f56bfc062723c751e8b465ee728b)
Start importing Assets/03.Graphics/Isometric Environment/Isometric Environment/Stones/Variant/Variant - Small Stone 3.asset using Guid(90a00b9cc69e22748a3b6f62762dd067) Importer(815301076,1909f56bfc062723c751e8b465ee728b) (PreviewImporter) -> (artifact id: 'ea8b85cf8c9957b367ec9ead1193aef5') in 0.0121245 seconds
Number of updated asset objects reloaded before import = 0Number of asset objects unloaded after import = 3

========================================================================
Received Import Request.
  Time since last request: 134.324249 seconds.
  path: Assets/03.Graphics/Isometric Environment/Isometric Environment/Tiles/TilePalette/Tile Palette.prefab
  artifactKey: Guid(8ffd05a3dfa91764a9bfa41b8d2c9852) Importer(815301076,1909f56bfc062723c751e8b465ee728b)
Start importing Assets/03.Graphics/Isometric Environment/Isometric Environment/Tiles/TilePalette/Tile Palette.prefab using Guid(8ffd05a3dfa91764a9bfa41b8d2c9852) Importer(815301076,1909f56bfc062723c751e8b465ee728b) (PreviewImporter) -> (artifact id: '14e9bf3043a90c9ccfa04b3afce94581') in 0.3871363 seconds
Number of updated asset objects reloaded before import = 0Number of asset objects unloaded after import = 126

========================================================================
Received Import Request.
  Time since last request: 19.539828 seconds.
  path: Assets/03.Graphics/Isometric Environment/Isometric Environment/Tiles/TileRule/New Isometric Rule Tile.asset
  artifactKey: Guid(0bc716a7f44db5346a0a3ea89b90ee5c) Importer(815301076,1909f56bfc062723c751e8b465ee728b)
Start importing Assets/03.Graphics/Isometric Environment/Isometric Environment/Tiles/TileRule/New Isometric Rule Tile.asset using Guid(0bc716a7f44db5346a0a3ea89b90ee5c) Importer(815301076,1909f56bfc062723c751e8b465ee728b) (PreviewImporter) -> (artifact id: 'a6119aee1cabc6737a2d5d9e86f93132') in 0.005016 seconds
Number of updated asset objects reloaded before import = 0Number of asset objects unloaded after import = 1

========================================================================
Received Import Request.
  Time since last request: 23.181904 seconds.
  path: Assets/03.Graphics/Isometric Environment/Isometric Environment/Tiles/TileRule/New Rule Tile.asset
  artifactKey: Guid(408f32dc00aa6ab479582153cd9670c8) Importer(815301076,1909f56bfc062723c751e8b465ee728b)
Start importing Assets/03.Graphics/Isometric Environment/Isometric Environment/Tiles/TileRule/New Rule Tile.asset using Guid(408f32dc00aa6ab479582153cd9670c8) Importer(815301076,1909f56bfc062723c751e8b465ee728b) (PreviewImporter) -> (artifact id: 'b3d1a1d1ed006369707d4f9d39e8ac19') in 0.0019583 seconds
Number of updated asset objects reloaded before import = 0Number of asset objects unloaded after import = 1

========================================================================
Received Import Request.
  Time since last request: 31.276412 seconds.
  path: Assets/03.Graphics/Isometric Environment/Isometric Environment/Tiles/TileRule/RockTile.asset
  artifactKey: Guid(408f32dc00aa6ab479582153cd9670c8) Importer(815301076,1909f56bfc062723c751e8b465ee728b)
Start importing Assets/03.Graphics/Isometric Environment/Isometric Environment/Tiles/TileRule/RockTile.asset using Guid(408f32dc00aa6ab479582153cd9670c8) Importer(815301076,1909f56bfc062723c751e8b465ee728b) (PreviewImporter) -> (artifact id: '52c64b673c195415c5828cebd4d820c3') in 0.0018971 seconds
Number of updated asset objects reloaded before import = 0Number of asset objects unloaded after import = 1

========================================================================
Received Import Request.
  Time since last request: 182.500933 seconds.
  path: Assets/03.Graphics/Isometric Environment/Isometric Environment/Tall Grass/Variant Version 0/Variant 0 - Grass 0.png
  artifactKey: Guid(725f3f6354e03cf4bba6bcb28a1ee9c5) Importer(815301076,1909f56bfc062723c751e8b465ee728b)
Start importing Assets/03.Graphics/Isometric Environment/Isometric Environment/Tall Grass/Variant Version 0/Variant 0 - Grass 0.png using Guid(725f3f6354e03cf4bba6bcb28a1ee9c5) Importer(815301076,1909f56bfc062723c751e8b465ee728b) (PreviewImporter) -> (artifact id: '0bba3591537f7ef37451feace264c67a') in 0.0216905 seconds
Number of updated asset objects reloaded before import = 0Number of asset objects unloaded after import = 3

========================================================================
Received Import Request.
  Time since last request: 0.000037 seconds.
  path: Assets/03.Graphics/Isometric Environment/Isometric Environment/Tall Grass/Variant Version 0/Variant 0 - Grass 3.png
  artifactKey: Guid(0f1f43f81bd30cb48b6f90eca90c2bda) Importer(815301076,1909f56bfc062723c751e8b465ee728b)
Start importing Assets/03.Graphics/Isometric Environment/Isometric Environment/Tall Grass/Variant Version 0/Variant 0 - Grass 3.png using Guid(0f1f43f81bd30cb48b6f90eca90c2bda) Importer(815301076,1909f56bfc062723c751e8b465ee728b) (PreviewImporter) -> (artifact id: 'becd69aff030a9d7d4dfd724c4d78ad9') in 0.016167 seconds
Number of updated asset objects reloaded before import = 0Number of asset objects unloaded after import = 3

========================================================================
Received Import Request.
  Time since last request: 0.000033 seconds.
  path: Assets/03.Graphics/Isometric Environment/Isometric Environment/Tall Grass/Variant Version 0/Variant 0 - Grass 2.png
  artifactKey: Guid(fe8cbf210864097468c1b9cb55c5e4de) Importer(815301076,1909f56bfc062723c751e8b465ee728b)
Start importing Assets/03.Graphics/Isometric Environment/Isometric Environment/Tall Grass/Variant Version 0/Variant 0 - Grass 2.png using Guid(fe8cbf210864097468c1b9cb55c5e4de) Importer(815301076,1909f56bfc062723c751e8b465ee728b) (PreviewImporter) -> (artifact id: '71d5ad4dfb35b9b59db357bb41bf25d0') in 0.0175976 seconds
Number of updated asset objects reloaded before import = 0Number of asset objects unloaded after import = 3

========================================================================
Received Import Request.
  Time since last request: 0.550702 seconds.
  path: Assets/03.Graphics/Isometric Environment/Isometric Environment/Tall Grass/Variant Version 1/Variant 1 - Grass 0.png
  artifactKey: Guid(f85d9af5a27a94e43aa8e4f97edd686a) Importer(815301076,1909f56bfc062723c751e8b465ee728b)
Start importing Assets/03.Graphics/Isometric Environment/Isometric Environment/Tall Grass/Variant Version 1/Variant 1 - Grass 0.png using Guid(f85d9af5a27a94e43aa8e4f97edd686a) Importer(815301076,1909f56bfc062723c751e8b465ee728b) (PreviewImporter) -> (artifact id: '8914aed4c09852a90cdc3ebf79247035') in 0.0163129 seconds
Number of updated asset objects reloaded before import = 0Number of asset objects unloaded after import = 3

========================================================================
Received Import Request.
  Time since last request: 0.000026 seconds.
  path: Assets/03.Graphics/Isometric Environment/Isometric Environment/Tall Grass/Variant Version 1/Variant 1 - Grass 2.png
  artifactKey: Guid(55b3ff4aa19b55d4d974b57e990de1be) Importer(815301076,1909f56bfc062723c751e8b465ee728b)
Start importing Assets/03.Graphics/Isometric Environment/Isometric Environment/Tall Grass/Variant Version 1/Variant 1 - Grass 2.png using Guid(55b3ff4aa19b55d4d974b57e990de1be) Importer(815301076,1909f56bfc062723c751e8b465ee728b) (PreviewImporter) -> (artifact id: '3480a82ee901534dcfc7a04533f69ae7') in 0.0167834 seconds
Number of updated asset objects reloaded before import = 0Number of asset objects unloaded after import = 3

========================================================================
Received Import Request.
  Time since last request: 0.462368 seconds.
  path: Assets/03.Graphics/Isometric Environment/Isometric Environment/Tall Grass/Version 0/Version 0 - Grass 0.png
  artifactKey: Guid(796aa1b25baf8b842a950fdd3ae01f87) Importer(815301076,1909f56bfc062723c751e8b465ee728b)
Start importing Assets/03.Graphics/Isometric Environment/Isometric Environment/Tall Grass/Version 0/Version 0 - Grass 0.png using Guid(796aa1b25baf8b842a950fdd3ae01f87) Importer(815301076,1909f56bfc062723c751e8b465ee728b) (PreviewImporter) -> (artifact id: 'f686d0ab3b0cc5c61b260ee1d582cd60') in 0.017611 seconds
Number of updated asset objects reloaded before import = 0Number of asset objects unloaded after import = 3

========================================================================
Received Import Request.
  Time since last request: 0.000033 seconds.
  path: Assets/03.Graphics/Isometric Environment/Isometric Environment/Tall Grass/Version 0/Version 0 - Grass 2.png
  artifactKey: Guid(226b6ea37bb27f54eb83fa83a819d6aa) Importer(815301076,1909f56bfc062723c751e8b465ee728b)
Start importing Assets/03.Graphics/Isometric Environment/Isometric Environment/Tall Grass/Version 0/Version 0 - Grass 2.png using Guid(226b6ea37bb27f54eb83fa83a819d6aa) Importer(815301076,1909f56bfc062723c751e8b465ee728b) (PreviewImporter) -> (artifact id: 'ecf67915ffe14deb010a29312a3e2c00') in 0.0212977 seconds
Number of updated asset objects reloaded before import = 0Number of asset objects unloaded after import = 3

========================================================================
Received Import Request.
  Time since last request: 32.549282 seconds.
  path: Assets/03.Graphics/Isometric Environment/Isometric Environment/Tiles/TileRule/RockTile.asset
  artifactKey: Guid(408f32dc00aa6ab479582153cd9670c8) Importer(815301076,1909f56bfc062723c751e8b465ee728b)
Start importing Assets/03.Graphics/Isometric Environment/Isometric Environment/Tiles/TileRule/RockTile.asset using Guid(408f32dc00aa6ab479582153cd9670c8) Importer(815301076,1909f56bfc062723c751e8b465ee728b) (PreviewImporter) -> (artifact id: 'e2cb3805346c8d07c579207d3a33e245') in 0.0155708 seconds
Number of updated asset objects reloaded before import = 0Number of asset objects unloaded after import = 13

========================================================================
Received Import Request.
  Time since last request: 2.964437 seconds.
  path: Assets/03.Graphics/Isometric Environment/Isometric Environment/Tiles/TileRule/Grass.asset
  artifactKey: Guid(ab64e7b333ffe1b4cb62125785924a9c) Importer(815301076,1909f56bfc062723c751e8b465ee728b)
Start importing Assets/03.Graphics/Isometric Environment/Isometric Environment/Tiles/TileRule/Grass.asset using Guid(ab64e7b333ffe1b4cb62125785924a9c) Importer(815301076,1909f56bfc062723c751e8b465ee728b) (PreviewImporter) -> (artifact id: '535d1c2737b2a6e06b238e70c81737aa') in 0.0068388 seconds
Number of updated asset objects reloaded before import = 0Number of asset objects unloaded after import = 13

========================================================================
Received Import Request.
  Time since last request: 10.114542 seconds.
  path: Assets/03.Graphics/Isometric Environment/Isometric Environment/Tiles/TileRule/Grass01.asset
  artifactKey: Guid(ab64e7b333ffe1b4cb62125785924a9c) Importer(815301076,1909f56bfc062723c751e8b465ee728b)
Start importing Assets/03.Graphics/Isometric Environment/Isometric Environment/Tiles/TileRule/Grass01.asset using Guid(ab64e7b333ffe1b4cb62125785924a9c) Importer(815301076,1909f56bfc062723c751e8b465ee728b) (PreviewImporter) -> (artifact id: 'b5ba7546e67decf36d77c241e3ce4455') in 0.0070372 seconds
Number of updated asset objects reloaded before import = 0Number of asset objects unloaded after import = 13

========================================================================
Received Import Request.
  Time since last request: 3.124290 seconds.
  path: Assets/03.Graphics/Isometric Environment/Isometric Environment/Tiles/TileRule/Grass00.asset
  artifactKey: Guid(ab64e7b333ffe1b4cb62125785924a9c) Importer(815301076,1909f56bfc062723c751e8b465ee728b)
Start importing Assets/03.Graphics/Isometric Environment/Isometric Environment/Tiles/TileRule/Grass00.asset using Guid(ab64e7b333ffe1b4cb62125785924a9c) Importer(815301076,1909f56bfc062723c751e8b465ee728b) (PreviewImporter) -> (artifact id: 'ef6e0438bc0af237d6cbbe5f4aa488c1') in 0.0080256 seconds
Number of updated asset objects reloaded before import = 0Number of asset objects unloaded after import = 13

========================================================================
Received Import Request.
  Time since last request: 2.918287 seconds.
  path: Assets/03.Graphics/Isometric Environment/Isometric Environment/Tiles/TilePalette/Tile Palette.prefab
  artifactKey: Guid(8ffd05a3dfa91764a9bfa41b8d2c9852) Importer(815301076,1909f56bfc062723c751e8b465ee728b)
Start importing Assets/03.Graphics/Isometric Environment/Isometric Environment/Tiles/TilePalette/Tile Palette.prefab using Guid(8ffd05a3dfa91764a9bfa41b8d2c9852) Importer(815301076,1909f56bfc062723c751e8b465ee728b) (PreviewImporter) -> (artifact id: '294b2c4063818cb221c223ef113f28b4') in 0.0328958 seconds
Number of updated asset objects reloaded before import = 0Number of asset objects unloaded after import = 126

========================================================================
Received Import Request.
  Time since last request: 31.023902 seconds.
  path: Assets/03.Graphics/Isometric Environment/Isometric Environment/Tall Grass/Variant Version 0/Variant 0 - Grass 0.png
  artifactKey: Guid(725f3f6354e03cf4bba6bcb28a1ee9c5) Importer(815301076,1909f56bfc062723c751e8b465ee728b)
Start importing Assets/03.Graphics/Isometric Environment/Isometric Environment/Tall Grass/Variant Version 0/Variant 0 - Grass 0.png using Guid(725f3f6354e03cf4bba6bcb28a1ee9c5) Importer(815301076,1909f56bfc062723c751e8b465ee728b) (PreviewImporter) -> (artifact id: '4f1acde8b5da95dd592b65de81cb3e61') in 0.0177949 seconds
Number of updated asset objects reloaded before import = 0Number of asset objects unloaded after import = 3

========================================================================
Received Import Request.
  Time since last request: 0.016949 seconds.
  path: Assets/03.Graphics/Isometric Environment/Isometric Environment/Tall Grass/Variant Version 0/Variant 0 - Grass 1.png
  artifactKey: Guid(c8eae08e3e9640149959e5bdba4624f4) Importer(815301076,1909f56bfc062723c751e8b465ee728b)
Start importing Assets/03.Graphics/Isometric Environment/Isometric Environment/Tall Grass/Variant Version 0/Variant 0 - Grass 1.png using Guid(c8eae08e3e9640149959e5bdba4624f4) Importer(815301076,1909f56bfc062723c751e8b465ee728b) (PreviewImporter) -> (artifact id: 'd539c85c3084f77dadce5988b8bf24aa') in 0.0194095 seconds
Number of updated asset objects reloaded before import = 0Number of asset objects unloaded after import = 3

========================================================================
Received Import Request.
  Time since last request: 99.668986 seconds.
  path: Assets/03.Graphics/Isometric Environment/Isometric Environment/Tiles/TileRule/Grass00.asset
  artifactKey: Guid(ab64e7b333ffe1b4cb62125785924a9c) Importer(815301076,1909f56bfc062723c751e8b465ee728b)
Start importing Assets/03.Graphics/Isometric Environment/Isometric Environment/Tiles/TileRule/Grass00.asset using Guid(ab64e7b333ffe1b4cb62125785924a9c) Importer(815301076,1909f56bfc062723c751e8b465ee728b) (PreviewImporter) -> (artifact id: '51805e0cbde1ed7c8aac81feb4231c53') in 0.0154407 seconds
Number of updated asset objects reloaded before import = 0Number of asset objects unloaded after import = 9

========================================================================
Received Import Request.
  Time since last request: 0.000046 seconds.
  path: Assets/03.Graphics/Isometric Environment/Isometric Environment/Tiles/TileRule/RuleTileForGrass.asset
  artifactKey: Guid(a1831ac0c4993564693b8c81fab64d7e) Importer(815301076,1909f56bfc062723c751e8b465ee728b)
Start importing Assets/03.Graphics/Isometric Environment/Isometric Environment/Tiles/TileRule/RuleTileForGrass.asset using Guid(a1831ac0c4993564693b8c81fab64d7e) Importer(815301076,1909f56bfc062723c751e8b465ee728b) (PreviewImporter) -> (artifact id: '68492bcaf2ed4b5a58cb750615e680bc') in 0.0053273 seconds
Number of updated asset objects reloaded before import = 0Number of asset objects unloaded after import = 5

========================================================================
Received Import Request.
  Time since last request: 3.881009 seconds.
  path: Assets/03.Graphics/Isometric Environment/Isometric Environment/Tiles/TileRule/Grass01.asset
  artifactKey: Guid(e7e763bad187b1545b5985ad41e3c2bf) Importer(815301076,1909f56bfc062723c751e8b465ee728b)
Start importing Assets/03.Graphics/Isometric Environment/Isometric Environment/Tiles/TileRule/Grass01.asset using Guid(e7e763bad187b1545b5985ad41e3c2bf) Importer(815301076,1909f56bfc062723c751e8b465ee728b) (PreviewImporter) -> (artifact id: '65c8d0eb84a84ca0601debbddeb6d4bd') in 0.0061691 seconds
Number of updated asset objects reloaded before import = 0Number of asset objects unloaded after import = 9

========================================================================
Received Import Request.
  Time since last request: 54.868434 seconds.
  path: Assets/03.Graphics/Isometric Environment/Isometric Environment/Tall Grass/Version 0/Version 0 - Grass 0.png
  artifactKey: Guid(796aa1b25baf8b842a950fdd3ae01f87) Importer(815301076,1909f56bfc062723c751e8b465ee728b)
Start importing Assets/03.Graphics/Isometric Environment/Isometric Environment/Tall Grass/Version 0/Version 0 - Grass 0.png using Guid(796aa1b25baf8b842a950fdd3ae01f87) Importer(815301076,1909f56bfc062723c751e8b465ee728b) (PreviewImporter) -> (artifact id: '739c68d7175aaf271995bfbb619b4d4b') in 0.0170858 seconds
Number of updated asset objects reloaded before import = 0Number of asset objects unloaded after import = 3

========================================================================
Received Import Request.
  Time since last request: 0.029687 seconds.
  path: Assets/03.Graphics/Isometric Environment/Isometric Environment/Tall Grass/Version 0/Version 0 - Grass 1.png
  artifactKey: Guid(59812df3f163b11489b702ef2fefe9d9) Importer(815301076,1909f56bfc062723c751e8b465ee728b)
Start importing Assets/03.Graphics/Isometric Environment/Isometric Environment/Tall Grass/Version 0/Version 0 - Grass 1.png using Guid(59812df3f163b11489b702ef2fefe9d9) Importer(815301076,1909f56bfc062723c751e8b465ee728b) (PreviewImporter) -> (artifact id: '039d4cd231fbdc6e6c79edce3e8b0d2b') in 0.0198338 seconds
Number of updated asset objects reloaded before import = 0Number of asset objects unloaded after import = 3

========================================================================
Received Import Request.
  Time since last request: 51.067816 seconds.
  path: Assets/03.Graphics/Isometric Environment/Isometric Environment/Tall Grass/Variant Version 1/Variant 1 - Grass 0.png
  artifactKey: Guid(f85d9af5a27a94e43aa8e4f97edd686a) Importer(815301076,1909f56bfc062723c751e8b465ee728b)
Start importing Assets/03.Graphics/Isometric Environment/Isometric Environment/Tall Grass/Variant Version 1/Variant 1 - Grass 0.png using Guid(f85d9af5a27a94e43aa8e4f97edd686a) Importer(815301076,1909f56bfc062723c751e8b465ee728b) (PreviewImporter) -> (artifact id: 'c51f692231e8565b5ef337fd3cce8b83') in 0.0083065 seconds
Number of updated asset objects reloaded before import = 0Number of asset objects unloaded after import = 3

========================================================================
Received Import Request.
  Time since last request: 0.029215 seconds.
  path: Assets/03.Graphics/Isometric Environment/Isometric Environment/Tall Grass/Variant Version 1/Variant 1 - Grass 1.png
  artifactKey: Guid(4eb134ae640d5f54e983e64f25cb761d) Importer(815301076,1909f56bfc062723c751e8b465ee728b)
Start importing Assets/03.Graphics/Isometric Environment/Isometric Environment/Tall Grass/Variant Version 1/Variant 1 - Grass 1.png using Guid(4eb134ae640d5f54e983e64f25cb761d) Importer(815301076,1909f56bfc062723c751e8b465ee728b) (PreviewImporter) -> (artifact id: 'f685ecbe0dcebfcc5b6931771c50a7c9') in 0.0108763 seconds
Number of updated asset objects reloaded before import = 0Number of asset objects unloaded after import = 3

========================================================================
Received Import Request.
  Time since last request: 11.843830 seconds.
  path: Assets/03.Graphics/Isometric Environment/Isometric Environment/Tall Grass/Variant Version 1/Variant 1 - Grass 0.png
  artifactKey: Guid(f85d9af5a27a94e43aa8e4f97edd686a) Importer(815301076,1909f56bfc062723c751e8b465ee728b)
Start importing Assets/03.Graphics/Isometric Environment/Isometric Environment/Tall Grass/Variant Version 1/Variant 1 - Grass 0.png using Guid(f85d9af5a27a94e43aa8e4f97edd686a) Importer(815301076,1909f56bfc062723c751e8b465ee728b) (PreviewImporter) -> (artifact id: '63b8478e84caacabbfce31e8ffa46334') in 0.0158396 seconds
Number of updated asset objects reloaded before import = 0Number of asset objects unloaded after import = 3

========================================================================
Received Import Request.
  Time since last request: 0.018423 seconds.
  path: Assets/03.Graphics/Isometric Environment/Isometric Environment/Tall Grass/Variant Version 1/Variant 1 - Grass 1.png
  artifactKey: Guid(4eb134ae640d5f54e983e64f25cb761d) Importer(815301076,1909f56bfc062723c751e8b465ee728b)
Start importing Assets/03.Graphics/Isometric Environment/Isometric Environment/Tall Grass/Variant Version 1/Variant 1 - Grass 1.png using Guid(4eb134ae640d5f54e983e64f25cb761d) Importer(815301076,1909f56bfc062723c751e8b465ee728b) (PreviewImporter) -> (artifact id: 'b1e7ef9adb01a045b1536cd4b6fee6a9') in 0.0171253 seconds
Number of updated asset objects reloaded before import = 0Number of asset objects unloaded after import = 3

========================================================================
Received Import Request.
  Time since last request: 24.767336 seconds.
  path: Assets/03.Graphics/Isometric Environment/Isometric Environment/Tall Grass/Version 1/Version 1 - Grass 0.png
  artifactKey: Guid(39996293043696b4492ede1ced2acfe5) Importer(815301076,1909f56bfc062723c751e8b465ee728b)
Start importing Assets/03.Graphics/Isometric Environment/Isometric Environment/Tall Grass/Version 1/Version 1 - Grass 0.png using Guid(39996293043696b4492ede1ced2acfe5) Importer(815301076,1909f56bfc062723c751e8b465ee728b) (PreviewImporter) -> (artifact id: '2ff843580f5beb9d77b70ceb090b4277') in 0.0161516 seconds
Number of updated asset objects reloaded before import = 0Number of asset objects unloaded after import = 3

========================================================================
Received Import Request.
  Time since last request: 0.031474 seconds.
  path: Assets/03.Graphics/Isometric Environment/Isometric Environment/Tall Grass/Version 1/Version 1 - Grass 1.png
  artifactKey: Guid(69660787c3dde9b4ba65bdf4c753f294) Importer(815301076,1909f56bfc062723c751e8b465ee728b)
Start importing Assets/03.Graphics/Isometric Environment/Isometric Environment/Tall Grass/Version 1/Version 1 - Grass 1.png using Guid(69660787c3dde9b4ba65bdf4c753f294) Importer(815301076,1909f56bfc062723c751e8b465ee728b) (PreviewImporter) -> (artifact id: 'a09e7723085522817a727a68310bcf90') in 0.0186522 seconds
Number of updated asset objects reloaded before import = 0Number of asset objects unloaded after import = 3

========================================================================
Received Import Request.
  Time since last request: 0.000024 seconds.
  path: Assets/03.Graphics/Isometric Environment/Isometric Environment/Tall Grass/Version 1/Version 1 - Grass 3.png
  artifactKey: Guid(fa9e0629fe9beb4499dbdbd8bdfa26d5) Importer(815301076,1909f56bfc062723c751e8b465ee728b)
Start importing Assets/03.Graphics/Isometric Environment/Isometric Environment/Tall Grass/Version 1/Version 1 - Grass 3.png using Guid(fa9e0629fe9beb4499dbdbd8bdfa26d5) Importer(815301076,1909f56bfc062723c751e8b465ee728b) (PreviewImporter) -> (artifact id: '4069c0f38884d97d1a4a79738c764640') in 0.0177151 seconds
Number of updated asset objects reloaded before import = 0Number of asset objects unloaded after import = 3

========================================================================
Received Import Request.
  Time since last request: 8.633534 seconds.
  path: Assets/03.Graphics/Isometric Environment/Isometric Environment/Tall Grass/Version 0/Version 0 - Grass 0.png
  artifactKey: Guid(796aa1b25baf8b842a950fdd3ae01f87) Importer(815301076,1909f56bfc062723c751e8b465ee728b)
Start importing Assets/03.Graphics/Isometric Environment/Isometric Environment/Tall Grass/Version 0/Version 0 - Grass 0.png using Guid(796aa1b25baf8b842a950fdd3ae01f87) Importer(815301076,1909f56bfc062723c751e8b465ee728b) (PreviewImporter) -> (artifact id: '33a4e28f6f2b9eb29da2bce79e38c948') in 0.0088173 seconds
Number of updated asset objects reloaded before import = 0Number of asset objects unloaded after import = 3

========================================================================
Received Import Request.
  Time since last request: 0.028690 seconds.
  path: Assets/03.Graphics/Isometric Environment/Isometric Environment/Tall Grass/Version 0/Version 0 - Grass 1.png
  artifactKey: Guid(59812df3f163b11489b702ef2fefe9d9) Importer(815301076,1909f56bfc062723c751e8b465ee728b)
Start importing Assets/03.Graphics/Isometric Environment/Isometric Environment/Tall Grass/Version 0/Version 0 - Grass 1.png using Guid(59812df3f163b11489b702ef2fefe9d9) Importer(815301076,1909f56bfc062723c751e8b465ee728b) (PreviewImporter) -> (artifact id: '269a8fc56c2afb68c24bd7d2a8d8bdb1') in 0.0094488 seconds
Number of updated asset objects reloaded before import = 0Number of asset objects unloaded after import = 3

========================================================================
Received Import Request.
  Time since last request: 0.000027 seconds.
  path: Assets/03.Graphics/Isometric Environment/Isometric Environment/Tall Grass/Version 0/Version 0 - Grass 3.png
  artifactKey: Guid(ca5690df120c02f41be361bb51b70b4c) Importer(815301076,1909f56bfc062723c751e8b465ee728b)
Start importing Assets/03.Graphics/Isometric Environment/Isometric Environment/Tall Grass/Version 0/Version 0 - Grass 3.png using Guid(ca5690df120c02f41be361bb51b70b4c) Importer(815301076,1909f56bfc062723c751e8b465ee728b) (PreviewImporter) -> (artifact id: '309fbd516350361735f3ed790dbd3e1f') in 0.0075512 seconds
Number of updated asset objects reloaded before import = 0Number of asset objects unloaded after import = 3

========================================================================
Received Import Request.
  Time since last request: 2.666768 seconds.
  path: Assets/03.Graphics/Isometric Environment/Isometric Environment/Tiles/TilePalette/Tile Palette.prefab
  artifactKey: Guid(8ffd05a3dfa91764a9bfa41b8d2c9852) Importer(815301076,1909f56bfc062723c751e8b465ee728b)
Start importing Assets/03.Graphics/Isometric Environment/Isometric Environment/Tiles/TilePalette/Tile Palette.prefab using Guid(8ffd05a3dfa91764a9bfa41b8d2c9852) Importer(815301076,1909f56bfc062723c751e8b465ee728b) (PreviewImporter) -> (artifact id: 'b00761ee69f64a035b5a76c6014dfbe5') in 0.0318297 seconds
Number of updated asset objects reloaded before import = 0Number of asset objects unloaded after import = 135

========================================================================
Received Import Request.
  Time since last request: 169.353856 seconds.
  path: Assets/03.Graphics/Isometric Environment/Isometric Environment/Green Tree/Variant/Variant - Big Tree 0.png
  artifactKey: Guid(784a81152824e4c4cb37430438e52cca) Importer(815301076,1909f56bfc062723c751e8b465ee728b)
Start importing Assets/03.Graphics/Isometric Environment/Isometric Environment/Green Tree/Variant/Variant - Big Tree 0.png using Guid(784a81152824e4c4cb37430438e52cca) Importer(815301076,1909f56bfc062723c751e8b465ee728b) (PreviewImporter) -> (artifact id: 'fb69d962aa208a1ae6dfb49ee06ff235') in 0.0190442 seconds
Number of updated asset objects reloaded before import = 0Number of asset objects unloaded after import = 3

========================================================================
Received Import Request.
  Time since last request: 0.000037 seconds.
  path: Assets/03.Graphics/Isometric Environment/Isometric Environment/Green Tree/Variant/Variant - Big Tree 2.png
  artifactKey: Guid(a48878fac94b5c9429fa8c5ee0d8691c) Importer(815301076,1909f56bfc062723c751e8b465ee728b)
Start importing Assets/03.Graphics/Isometric Environment/Isometric Environment/Green Tree/Variant/Variant - Big Tree 2.png using Guid(a48878fac94b5c9429fa8c5ee0d8691c) Importer(815301076,1909f56bfc062723c751e8b465ee728b) (PreviewImporter) -> (artifact id: '0af03527e2b1d34f19d5acfbd2238c45') in 0.0219328 seconds
Number of updated asset objects reloaded before import = 0Number of asset objects unloaded after import = 3

========================================================================
Received Import Request.
  Time since last request: 0.000027 seconds.
  path: Assets/03.Graphics/Isometric Environment/Isometric Environment/Green Tree/Variant/Variant - Small Tree 0.png
  artifactKey: Guid(6de652fa5d594cf47972318e470f57e1) Importer(815301076,1909f56bfc062723c751e8b465ee728b)
Start importing Assets/03.Graphics/Isometric Environment/Isometric Environment/Green Tree/Variant/Variant - Small Tree 0.png using Guid(6de652fa5d594cf47972318e470f57e1) Importer(815301076,1909f56bfc062723c751e8b465ee728b) (PreviewImporter) -> (artifact id: '9d4e9b60823893b2b7ff4c6154703e74') in 0.0227577 seconds
Number of updated asset objects reloaded before import = 0Number of asset objects unloaded after import = 3

========================================================================
Received Import Request.
  Time since last request: 0.000029 seconds.
  path: Assets/03.Graphics/Isometric Environment/Isometric Environment/Green Tree/Variant/Variant - Small Tree 3.png
  artifactKey: Guid(e87f4aa2606ea7245950004ea258da6b) Importer(815301076,1909f56bfc062723c751e8b465ee728b)
Start importing Assets/03.Graphics/Isometric Environment/Isometric Environment/Green Tree/Variant/Variant - Small Tree 3.png using Guid(e87f4aa2606ea7245950004ea258da6b) Importer(815301076,1909f56bfc062723c751e8b465ee728b) (PreviewImporter) -> (artifact id: '4e3b0cafd808f5f6e0f8a427c416f5a7') in 0.0268393 seconds
Number of updated asset objects reloaded before import = 0Number of asset objects unloaded after import = 3

========================================================================
Received Import Request.
  Time since last request: 0.000033 seconds.
  path: Assets/03.Graphics/Isometric Environment/Isometric Environment/Green Tree/Variant/Variant - Small Tree 6.png
  artifactKey: Guid(7ff70c242b0fc2343adc14b2d0c43ecf) Importer(815301076,1909f56bfc062723c751e8b465ee728b)
Start importing Assets/03.Graphics/Isometric Environment/Isometric Environment/Green Tree/Variant/Variant - Small Tree 6.png using Guid(7ff70c242b0fc2343adc14b2d0c43ecf) Importer(815301076,1909f56bfc062723c751e8b465ee728b) (PreviewImporter) -> (artifact id: 'fa32418ad75c6cfeddf76778d89c01a2') in 0.0189357 seconds
Number of updated asset objects reloaded before import = 0Number of asset objects unloaded after import = 3

========================================================================
Received Import Request.
  Time since last request: 0.000055 seconds.
  path: Assets/03.Graphics/Isometric Environment/Isometric Environment/Green Tree/Variant/Variant - Big Tree 6.png
  artifactKey: Guid(1ec80d53ba8e7894c9a6786f51f2621d) Importer(815301076,1909f56bfc062723c751e8b465ee728b)
Start importing Assets/03.Graphics/Isometric Environment/Isometric Environment/Green Tree/Variant/Variant - Big Tree 6.png using Guid(1ec80d53ba8e7894c9a6786f51f2621d) Importer(815301076,1909f56bfc062723c751e8b465ee728b) (PreviewImporter) -> (artifact id: '060a3cfb268f4946b6fa761d7de70c18') in 0.0206187 seconds
Number of updated asset objects reloaded before import = 0Number of asset objects unloaded after import = 3

========================================================================
Received Import Request.
  Time since last request: 0.000027 seconds.
  path: Assets/03.Graphics/Isometric Environment/Isometric Environment/Green Tree/Variant/Variant - Small Tree 2.png
  artifactKey: Guid(024f9e65fe2c834479ba74f414c16e31) Importer(815301076,1909f56bfc062723c751e8b465ee728b)
Start importing Assets/03.Graphics/Isometric Environment/Isometric Environment/Green Tree/Variant/Variant - Small Tree 2.png using Guid(024f9e65fe2c834479ba74f414c16e31) Importer(815301076,1909f56bfc062723c751e8b465ee728b) (PreviewImporter) -> (artifact id: '9b8150e5b51f28a0a1522032138f53ec') in 0.0175685 seconds
Number of updated asset objects reloaded before import = 0Number of asset objects unloaded after import = 3

Editor requested this worker to shutdown with reason: Scaling down because of idle timeout
AssetImportWorker is now disconnected from the server
Process exiting
Exiting without the bug reporter. Application will terminate with return code 0